Archive member included to satisfy reference by file (symbol)

C:/ST/STM32CubeIDE_1.14.1/STM32CubeIDE/plugins/com.st.stm32cube.ide.mcu.externaltools.gnu-tools-for-stm32.13.3.rel1.win32_1.0.0.202411081344/tools/bin/../lib/gcc/arm-none-eabi/13.3.1/../../../../arm-none-eabi/lib/thumb/v7e-m+fp/hard\libc_nano.a(libc_a-exit.o)
                              C:/ST/STM32CubeIDE_1.14.1/STM32CubeIDE/plugins/com.st.stm32cube.ide.mcu.externaltools.gnu-tools-for-stm32.13.3.rel1.win32_1.0.0.202411081344/tools/bin/../lib/gcc/arm-none-eabi/13.3.1/../../../../arm-none-eabi/lib/thumb/v7e-m+fp/hard/crt0.o (exit)
C:/ST/STM32CubeIDE_1.14.1/STM32CubeIDE/plugins/com.st.stm32cube.ide.mcu.externaltools.gnu-tools-for-stm32.13.3.rel1.win32_1.0.0.202411081344/tools/bin/../lib/gcc/arm-none-eabi/13.3.1/../../../../arm-none-eabi/lib/thumb/v7e-m+fp/hard\libc_nano.a(libc_a-rand.o)
                              ./Core/Src/main.o (srand)
C:/ST/STM32CubeIDE_1.14.1/STM32CubeIDE/plugins/com.st.stm32cube.ide.mcu.externaltools.gnu-tools-for-stm32.13.3.rel1.win32_1.0.0.202411081344/tools/bin/../lib/gcc/arm-none-eabi/13.3.1/../../../../arm-none-eabi/lib/thumb/v7e-m+fp/hard\libc_nano.a(libc_a-findfp.o)
                              C:/ST/STM32CubeIDE_1.14.1/STM32CubeIDE/plugins/com.st.stm32cube.ide.mcu.externaltools.gnu-tools-for-stm32.13.3.rel1.win32_1.0.0.202411081344/tools/bin/../lib/gcc/arm-none-eabi/13.3.1/../../../../arm-none-eabi/lib/thumb/v7e-m+fp/hard\libc_nano.a(libc_a-exit.o) (__stdio_exit_handler)
C:/ST/STM32CubeIDE_1.14.1/STM32CubeIDE/plugins/com.st.stm32cube.ide.mcu.externaltools.gnu-tools-for-stm32.13.3.rel1.win32_1.0.0.202411081344/tools/bin/../lib/gcc/arm-none-eabi/13.3.1/../../../../arm-none-eabi/lib/thumb/v7e-m+fp/hard\libc_nano.a(libc_a-fwalk.o)
                              C:/ST/STM32CubeIDE_1.14.1/STM32CubeIDE/plugins/com.st.stm32cube.ide.mcu.externaltools.gnu-tools-for-stm32.13.3.rel1.win32_1.0.0.202411081344/tools/bin/../lib/gcc/arm-none-eabi/13.3.1/../../../../arm-none-eabi/lib/thumb/v7e-m+fp/hard\libc_nano.a(libc_a-findfp.o) (_fwalk_sglue)
C:/ST/STM32CubeIDE_1.14.1/STM32CubeIDE/plugins/com.st.stm32cube.ide.mcu.externaltools.gnu-tools-for-stm32.13.3.rel1.win32_1.0.0.202411081344/tools/bin/../lib/gcc/arm-none-eabi/13.3.1/../../../../arm-none-eabi/lib/thumb/v7e-m+fp/hard\libc_nano.a(libc_a-sprintf.o)
                              ./Core/Src/game_screen.o (sprintf)
C:/ST/STM32CubeIDE_1.14.1/STM32CubeIDE/plugins/com.st.stm32cube.ide.mcu.externaltools.gnu-tools-for-stm32.13.3.rel1.win32_1.0.0.202411081344/tools/bin/../lib/gcc/arm-none-eabi/13.3.1/../../../../arm-none-eabi/lib/thumb/v7e-m+fp/hard\libc_nano.a(libc_a-stdio.o)
                              C:/ST/STM32CubeIDE_1.14.1/STM32CubeIDE/plugins/com.st.stm32cube.ide.mcu.externaltools.gnu-tools-for-stm32.13.3.rel1.win32_1.0.0.202411081344/tools/bin/../lib/gcc/arm-none-eabi/13.3.1/../../../../arm-none-eabi/lib/thumb/v7e-m+fp/hard\libc_nano.a(libc_a-findfp.o) (__sread)
C:/ST/STM32CubeIDE_1.14.1/STM32CubeIDE/plugins/com.st.stm32cube.ide.mcu.externaltools.gnu-tools-for-stm32.13.3.rel1.win32_1.0.0.202411081344/tools/bin/../lib/gcc/arm-none-eabi/13.3.1/../../../../arm-none-eabi/lib/thumb/v7e-m+fp/hard\libc_nano.a(libc_a-memset.o)
                              C:/ST/STM32CubeIDE_1.14.1/STM32CubeIDE/plugins/com.st.stm32cube.ide.mcu.externaltools.gnu-tools-for-stm32.13.3.rel1.win32_1.0.0.202411081344/tools/bin/../lib/gcc/arm-none-eabi/13.3.1/../../../../arm-none-eabi/lib/thumb/v7e-m+fp/hard/crt0.o (memset)
C:/ST/STM32CubeIDE_1.14.1/STM32CubeIDE/plugins/com.st.stm32cube.ide.mcu.externaltools.gnu-tools-for-stm32.13.3.rel1.win32_1.0.0.202411081344/tools/bin/../lib/gcc/arm-none-eabi/13.3.1/../../../../arm-none-eabi/lib/thumb/v7e-m+fp/hard\libc_nano.a(libc_a-closer.o)
                              C:/ST/STM32CubeIDE_1.14.1/STM32CubeIDE/plugins/com.st.stm32cube.ide.mcu.externaltools.gnu-tools-for-stm32.13.3.rel1.win32_1.0.0.202411081344/tools/bin/../lib/gcc/arm-none-eabi/13.3.1/../../../../arm-none-eabi/lib/thumb/v7e-m+fp/hard\libc_nano.a(libc_a-stdio.o) (_close_r)
C:/ST/STM32CubeIDE_1.14.1/STM32CubeIDE/plugins/com.st.stm32cube.ide.mcu.externaltools.gnu-tools-for-stm32.13.3.rel1.win32_1.0.0.202411081344/tools/bin/../lib/gcc/arm-none-eabi/13.3.1/../../../../arm-none-eabi/lib/thumb/v7e-m+fp/hard\libc_nano.a(libc_a-reent.o)
                              C:/ST/STM32CubeIDE_1.14.1/STM32CubeIDE/plugins/com.st.stm32cube.ide.mcu.externaltools.gnu-tools-for-stm32.13.3.rel1.win32_1.0.0.202411081344/tools/bin/../lib/gcc/arm-none-eabi/13.3.1/../../../../arm-none-eabi/lib/thumb/v7e-m+fp/hard\libc_nano.a(libc_a-closer.o) (errno)
C:/ST/STM32CubeIDE_1.14.1/STM32CubeIDE/plugins/com.st.stm32cube.ide.mcu.externaltools.gnu-tools-for-stm32.13.3.rel1.win32_1.0.0.202411081344/tools/bin/../lib/gcc/arm-none-eabi/13.3.1/../../../../arm-none-eabi/lib/thumb/v7e-m+fp/hard\libc_nano.a(libc_a-impure.o)
[...]
Memory Configuration

Name             Origin             Length             Attributes
CCMRAM           0x10000000         0x00010000         xrw
RAM              0x20000000         0x00020000         xrw
FLASH            0x08000000         0x00080000         xr
*default*        0x00000000         0xffffffff

Linker script and memory map

LOAD C:/ST/STM32CubeIDE_1.14.1/STM32CubeIDE/plugins/com.st.stm32cube.ide.mcu.externaltools.gnu-tools-for-stm32.13.3.rel1.win32_1.0.0.202411081344/tools/bin/../lib/gcc/arm-none-eabi/13.3.1/thumb/v7e-m+fp/hard/crti.o
LOAD C:/ST/STM32CubeIDE_1.14.1/STM32CubeIDE/plugins/com.st.stm32cube.ide.mcu.externaltools.gnu-tools-for-stm32.13.3.rel1.win32_1.0.0.202411081344/tools/bin/../lib/gcc/arm-none-eabi/13.3.1/thumb/v7e-m+fp/hard/crtbegin.o
LOAD C:/ST/STM32CubeIDE_1.14.1/STM32CubeIDE/plugins/com.st.stm32cube.ide.mcu.externaltools.gnu-tools-for-stm32.13.3.rel1.win32_1.0.0.202411081344/tools/bin/../lib/gcc/arm-none-eabi/13.3.1/../../../../arm-none-eabi/lib/thumb/v7e-m+fp/hard/crt0.o
LOAD ./Core/Src/ILI9488.o
LOAD ./Core/Src/TCA9548A.o
LOAD ./Core/Src/TCS3472.o
LOAD ./Core/Src/fonts.o
LOAD ./Core/Src/freertos.o
LOAD ./Core/Src/game_fsm.o
LOAD ./Core/Src/game_screen.o
LOAD ./Core/Src/keypad.o
LOAD ./Core/Src/main.o
LOAD ./Core/Src/stm32f4xx_hal_msp.o
LOAD ./Core/Src/stm32f4xx_hal_timebase_tim.o
LOAD ./Core/Src/stm32f4xx_it.o
LOAD ./Core/Src/syscalls.o
LOAD ./Core/Src/sysmem.o
LOAD ./Core/Src/system_stm32f4xx.o
LOAD ./Core/Startup/startup_stm32f407vetx.o
LOAD ./Drivers/STM32F4xx_HAL_Driver/Src/stm32f4xx_hal.o
LOAD ./Drivers/STM32F4xx_HAL_Driver/Src/stm32f4xx_hal_cortex.o
LOAD ./Drivers/STM32F4xx_HAL_Driver/Src/stm32f4xx_hal_dma.o
LOAD ./Drivers/STM32F4xx_HAL_Driver/Src/stm32f4xx_hal_dma_ex.o
LOAD ./Drivers/STM32F4xx_HAL_Driver/Src/stm32f4xx_hal_exti.o
LOAD ./Drivers/STM32F4xx_HAL_Driver/Src/stm32f4xx_hal_flash.o
LOAD ./Drivers/STM32F4xx_HAL_Driver/Src/stm32f4xx_hal_flash_ex.o
LOAD ./Drivers/STM32F4xx_HAL_Driver/Src/stm32f4xx_hal_flash_ramfunc.o
LOAD ./Drivers/STM32F4xx_HAL_Driver/Src/stm32f4xx_hal_gpio.o
LOAD ./Drivers/STM32F4xx_HAL_Driver/Src/stm32f4xx_hal_i2c.o
LOAD ./Drivers/STM32F4xx_HAL_Driver/Src/stm32f4xx_hal_i2c_ex.o
LOAD ./Drivers/STM32F4xx_HAL_Driver/Src/stm32f4xx_hal_mmc.o
LOAD ./Drivers/STM32F4xx_HAL_Driver/Src/stm32f4xx_hal_pwr.o
LOAD ./Drivers/STM32F4xx_HAL_Driver/Src/stm32f4xx_hal_pwr_ex.o
LOAD ./Drivers/STM32F4xx_HAL_Driver/Src/stm32f4xx_hal_rcc.o
LOAD ./Drivers/STM32F4xx_HAL_Driver/Src/stm32f4xx_hal_rcc_ex.o
LOAD ./Drivers/STM32F4xx_HAL_Driver/Src/stm32f4xx_hal_sd.o
LOAD ./Drivers/STM32F4xx_HAL_Driver/Src/stm32f4xx_hal_spi.o
LOAD ./Drivers/STM32F4xx_HAL_Driver/Src/stm32f4xx_hal_tim.o
LOAD ./Drivers/STM32F4xx_HAL_Driver/Src/stm32f4xx_hal_tim_ex.o
LOAD ./Drivers/STM32F4xx_HAL_Driver/Src/stm32f4xx_hal_uart.o
LOAD ./Drivers/STM32F4xx_HAL_Driver/Src/stm32f4xx_ll_sdmmc.o
LOAD ./FATFS/App/fatfs.o
LOAD ./FATFS/Target/bsp_driver_sd.o
LOAD ./FATFS/Target/sd_diskio.o
LOAD ./Middlewares/Third_Party/FatFs/src/diskio.o
LOAD ./Middlewares/Third_Party/FatFs/src/ff.o
LOAD ./Middlewares/Third_Party/FatFs/src/ff_gen_drv.o
LOAD ./Middlewares/Third_Party/FatFs/src/option/syscall.o
LOAD ./Middlewares/Third_Party/FreeRTOS/Source/CMSIS_RTOS/cmsis_os.o
LOAD ./Middlewares/Third_Party/FreeRTOS/Source/croutine.o
LOAD ./Middlewares/Third_Party/FreeRTOS/Source/event_groups.o
LOAD ./Middlewares/Third_Party/FreeRTOS/Source/list.o
LOAD ./Middlewares/Third_Party/FreeRTOS/Source/queue.o
LOAD ./Middlewares/Third_Party/FreeRTOS/Source/stream_buffer.o
LOAD ./Middlewares/Third_Party/FreeRTOS/Source/tasks.o
LOAD ./Middlewares/Third_Party/FreeRTOS/Source/timers.o
LOAD ./Middlewares/Third_Party/FreeRTOS/Source/portable/GCC/ARM_CM4F/port.o
LOAD ./Middlewares/Third_Party/FreeRTOS/Source/portable/MemMang/heap_4.o
START GROUP
LOAD C:/ST/STM32CubeIDE_1.14.1/STM32CubeIDE/plugins/com.st.stm32cube.ide.mcu.externaltools.gnu-tools-for-stm32.13.3.rel1.win32_1.0.0.202411081344/tools/bin/../lib/gcc/arm-none-eabi/13.3.1/../../../../arm-none-eabi/lib/thumb/v7e-m+fp/hard\libc_nano.a
LOAD C:/ST/STM32CubeIDE_1.14.1/STM32CubeIDE/plugins/com.st.stm32cube.ide.mcu.externaltools.gnu-tools-for-stm32.13.3.rel1.win32_1.0.0.202411081344/tools/bin/../lib/gcc/arm-none-eabi/13.3.1/../../../../arm-none-eabi/lib/thumb/v7e-m+fp/hard\libm.a
END GROUP
START GROUP
LOAD C:/ST/STM32CubeIDE_1.14.1/STM32CubeIDE/plugins/com.st.stm32cube.ide.mcu.externaltools.gnu-tools-for-stm32.13.3.rel1.win32_1.0.0.202411081344/tools/bin/../lib/gcc/arm-none-eabi/13.3.1/thumb/v7e-m+fp/hard\libgcc.a
LOAD C:/ST/STM32CubeIDE_1.14.1/STM32CubeIDE/plugins/com.st.stm32cube.ide.mcu.externaltools.gnu-tools-for-stm32.13.3.rel1.win32_1.0.0.202411081344/tools/bin/../lib/gcc/arm-none-eabi/13.3.1/../../../../arm-none-eabi/lib/thumb/v7e-m+fp/hard\libc_nano.a
END GROUP
START GROUP
LOAD C:/ST/STM32CubeIDE_1.14.1/STM32CubeIDE/plugins/com.st.stm32cube.ide.mcu.externaltools.gnu-tools-for-stm32.13.3.rel1.win32_1.0.0.202411081344/tools/bin/../lib/gcc/arm-none-eabi/13.3.1/thumb/v7e-m+fp/hard\libgcc.a
LOAD C:/ST/STM32CubeIDE_1.14.1/STM32CubeIDE/plugins/com.st.stm32cube.ide.mcu.externaltools.gnu-tools-for-stm32.13.3.rel1.win32_1.0.0.202411081344/tools/bin/../lib/gcc/arm-none-eabi/13.3.1/../../../../arm-none-eabi/lib/thumb/v7e-m+fp/hard\libc_nano.a
LOAD C:/ST/STM32CubeIDE_1.14.1/STM32CubeIDE/plugins/com.st.stm32cube.ide.mcu.externaltools.gnu-tools-for-stm32.13.3.rel1.win32_1.0.0.202411081344/tools/bin/../lib/gcc/arm-none-eabi/13.3.1/../../../../arm-none-eabi/lib/thumb/v7e-m+fp/hard\libnosys.a
END GROUP
START GROUP
LOAD C:/ST/STM32CubeIDE_1.14.1/STM32CubeIDE/plugins/com.st.stm32cube.ide.mcu.externaltools.gnu-tools-for-stm32.13.3.rel1.win32_1.0.0.202411081344/tools/bin/../lib/gcc/arm-none-eabi/13.3.1/thumb/v7e-m+fp/hard\libgcc.a
LOAD C:/ST/STM32CubeIDE_1.14.1/STM32CubeIDE/plugins/com.st.stm32cube.ide.mcu.externaltools.gnu-tools-for-stm32.13.3.rel1.win32_1.0.0.202411081344/tools/bin/../lib/gcc/arm-none-eabi/13.3.1/../../../../arm-none-eabi/lib/thumb/v7e-m+fp/hard\libc_nano.a
LOAD C:/ST/STM32CubeIDE_1.14.1/STM32CubeIDE/plugins/com.st.stm32cube.ide.mcu.externaltools.gnu-tools-for-stm32.13.3.rel1.win32_1.0.0.202411081344/tools/bin/../lib/gcc/arm-none-eabi/13.3.1/../../../../arm-none-eabi/lib/thumb/v7e-m+fp/hard\libnosys.a
END GROUP
LOAD C:/ST/STM32CubeIDE_1.14.1/STM32CubeIDE/plugins/com.st.stm32cube.ide.mcu.externaltools.gnu-tools-for-stm32.13.3.rel1.win32_1.0.0.202411081344/tools/bin/../lib/gcc/arm-none-eabi/13.3.1/thumb/v7e-m+fp/hard/crtend.o
LOAD C:/ST/STM32CubeIDE_1.14.1/STM32CubeIDE/plugins/com.st.stm32cube.ide.mcu.externaltools.gnu-tools-for-stm32.13.3.rel1.win32_1.0.0.202411081344/tools/bin/../lib/gcc/arm-none-eabi/13.3.1/thumb/v7e-m+fp/hard/crtn.o
                0x20020000                        _estack = (ORIGIN (RAM) + LENGTH (RAM))
                0x00001000                        _Min_Heap_Size = 0x1000
                0x00001000                        _Min_Stack_Size = 0x1000

.isr_vector     0x08000000      0x188
                0x08000000                        . = ALIGN (0x4)
 *(.isr_vector)
 .isr_vector    0x08000000      0x188 ./Core/Startup/startup_stm32f407vetx.o
                0x08000000                g_pfnVectors
                0x08000188                        . = ALIGN (0x4)

.text           0x08000190    0x13cd4
                0x08000190                        . = ALIGN (0x4)
 *(.text)
 .text          0x08000190       0x40 C:/ST/STM32CubeIDE_1.14.1/STM32CubeIDE/plugins/com.st.stm32cube.ide.mcu.externaltools.gnu-tools-for-stm32.13.3.rel1.win32_1.0.0.202411081344/tools/bin/../lib/gcc/arm-none-eabi/13.3.1/thumb/v7e-m+fp/hard/crtbegin.o
 .text          0x080001d0       0xa0 C:/ST/STM32CubeIDE_1.14.1/STM32CubeIDE/plugins/com.st.stm32cube.ide.mcu.externaltools.gnu-tools-for-stm32.13.3.rel1.win32_1.0.0.202411081344/tools/bin/../lib/gcc/arm-none-eabi/13.3.1/../../../../arm-none-eabi/lib/thumb/v7e-m+fp/hard\libc_nano.a(libc_a-memchr.o)
                0x080001d0                memchr
 .text          0x08000270      0x254 C:/ST/STM32CubeIDE_1.14.1/STM32CubeIDE/plugins/com.st.stm32cube.ide.mcu.externaltools.gnu-tools-for-stm32.13.3.rel1.win32_1.0.0.202411081344/tools/bin/../lib/gcc/arm-none-eabi/13.3.1/thumb/v7e-m+fp/hard\libgcc.a(_arm_muldf3.o)
                0x08000270                __muldf3
                0x08000270                __aeabi_dmul
 .text          0x080004c4      0x378 C:/ST/STM32CubeIDE_1.14.1/STM32CubeIDE/plugins/com.st.stm32cube.ide.mcu.externaltools.gnu-tools-for-stm32.13.3.rel1.win32_1.0.0.202411081344/tools/bin/../lib/gcc/arm-none-eabi/13.3.1/thumb/v7e-m+fp/hard\libgcc.a(_arm_addsubdf3.o)
                0x080004c4                __aeabi_drsub
                0x080004cc                __aeabi_dsub
                0x080004cc                __subdf3
                0x080004d0                __aeabi_dadd
                0x080004d0                __adddf3
                0x08000748                __floatunsidf
                0x08000748                __aeabi_ui2d
                0x08000768                __floatsidf
                0x08000768                __aeabi_i2d
                0x0800078c                __aeabi_f2d
                0x0800078c                __extendsfdf2
                0x080007d0                __floatundidf
                0x080007d0                __aeabi_ul2d
                0x080007e0                __floatdidf
                0x080007e0                __aeabi_l2d
 .text          0x0800083c      0x110 C:/ST/STM32CubeIDE_1.14.1/STM32CubeIDE/plugins/com.st.stm32cube.ide.mcu.externaltools.gnu-tools-for-stm32.13.3.rel1.win32_1.0.0.202411081344/tools/bin/../lib/gcc/arm-none-eabi/13.3.1/thumb/v7e-m+fp/hard\libgcc.a(_arm_cmpdf2.o)
                0x0800083c                __gtdf2
                0x0800083c                __gedf2
                0x08000844                __ltdf2
                0x08000844                __ledf2
                0x0800084c                __nedf2
                0x0800084c                __eqdf2
                0x0800084c                __cmpdf2
                0x080008c8                __aeabi_cdrcmple
                0x080008d8                __aeabi_cdcmpeq
                0x080008d8                __aeabi_cdcmple
                0x080008e8                __aeabi_dcmpeq
                0x080008fc                __aeabi_dcmplt
                0x08000910                __aeabi_dcmple
                0x08000924                __aeabi_dcmpge
                0x08000938                __aeabi_dcmpgt
 .text          0x0800094c       0x30 C:/ST/STM32CubeIDE_1.14.1/STM32CubeIDE/plugins/com.st.stm32cube.ide.mcu.externaltools.gnu-tools-for-stm32.13.3.rel1.win32_1.0.0.202411081344/tools/bin/../lib/gcc/arm-none-eabi/13.3.1/thumb/v7e-m+fp/hard\libgcc.a(_aeabi_uldivmod.o)
                0x0800094c                __aeabi_uldivmod
 .text          0x0800097c      0x2f8 C:/ST/STM32CubeIDE_1.14.1/STM32CubeIDE/plugins/com.st.stm32cube.ide.mcu.externaltools.gnu-tools-for-stm32.13.3.rel1.win32_1.0.0.202411081344/tools/bin/../lib/gcc/arm-none-eabi/13.3.1/thumb/v7e-m+fp/hard\libgcc.a(_udivmoddi4.o)
                0x0800097c                __udivmoddi4
 .text          0x08000c74        0x4 C:/ST/STM32CubeIDE_1.14.1/STM32CubeIDE/plugins/com.st.stm32cube.ide.mcu.externaltools.gnu-tools-for-stm32.13.3.rel1.win32_1.0.0.202411081344/tools/bin/../lib/gcc/arm-none-eabi/13.3.1/thumb/v7e-m+fp/hard\libgcc.a(_dvmd_tls.o)
                0x08000c74                __aeabi_idiv0
                0x08000c74                __aeabi_ldiv0
 *(.text*)
 .text.ILI9488_Select
                0x08000c78       0x18 ./Core/Src/ILI9488.o
 .text.ILI9488_Unselect
                0x08000c90       0x18 ./Core/Src/ILI9488.o
                0x08000c90                ILI9488_Unselect
 .text.ILI9488_Reset
                0x08000ca8       0x2c ./Core/Src/ILI9488.o
 .text.ILI9488_WriteCommand
                0x08000cd4       0x34 ./Core/Src/ILI9488.o
 .text.ILI9488_WriteData
                0x08000d08       0x34 ./Core/Src/ILI9488.o
 .text.ILI9488_WriteDataDMA
                0x08000d3c       0x50 ./Core/Src/ILI9488.o
 .text.ILI9488_WriteSmallData
                0x08000d8c       0x34 ./Core/Src/ILI9488.o
 .text.ILI9488_SetAddressWindow
                0x08000dc0       0x90 ./Core/Src/ILI9488.o
 .text.ILI9488_Init
                0x08000e50      0x198 ./Core/Src/ILI9488.o
                0x08000e50                ILI9488_Init
 .text.ILI9488_WriteChar
                0x08000fe8      0x122 ./Core/Src/ILI9488.o
 *fill*         0x0800110a        0x2 
 .text.ILI9488_FillRectangle
                0x0800110c      0x140 ./Core/Src/ILI9488.o
                0x0800110c                ILI9488_FillRectangle
 .text.ILI9488_WriteString
                0x0800124c       0x98 ./Core/Src/ILI9488.o
                0x0800124c                ILI9488_WriteString
 .text.ILI9488_FillScreen
                0x080012e4       0x26 ./Core/Src/ILI9488.o
                0x080012e4                ILI9488_FillScreen
 .text.ILI9488_DrawImage_BIN
                0x0800130a      0x260 ./Core/Src/ILI9488.o
                0x0800130a                ILI9488_DrawImage_BIN
 .text.ILI9488_DrawImage_Transparent
                0x0800156a      0x32c ./Core/Src/ILI9488.o
                0x0800156a                ILI9488_DrawImage_Transparent
 *fill*         0x08001896        0x2 
 .text.ILI9488_RestoreRect
                0x08001898      0x2dc ./Core/Src/ILI9488.o
                0x08001898                ILI9488_RestoreRect
 .text.ILI9488_DrawCachedSprite_Transparent
                0x08001b74      0x17c ./Core/Src/ILI9488.o
                0x08001b74                ILI9488_DrawCachedSprite_Transparent
 .text.TCA9548A_SelectChannel
                0x08001cf0       0x40 ./Core/Src/TCA9548A.o
                0x08001cf0                TCA9548A_SelectChannel
 .text.TCS3472_Init
                0x08001d30       0xf2 ./Core/Src/TCS3472.o
                0x08001d30                TCS3472_Init
 .text.TCS3472_ReadData
                0x08001e22       0xe8 ./Core/Src/TCS3472.o
                0x08001e22                TCS3472_ReadData
 *fill*         0x08001f0a        0x2 
 .text.TCS3472_DetectColor
                0x08001f0c       0xe8 ./Core/Src/TCS3472.o
                0x08001f0c                TCS3472_DetectColor
 .text.vApplicationGetIdleTaskMemory
                0x08001ff4       0x34 ./Core/Src/freertos.o
                0x08001ff4                vApplicationGetIdleTaskMemory
 .text.vInitBattle
                0x08002028      0x144 ./Core/Src/game_fsm.o
                0x08002028                vInitBattle
 .text.eGetAttackOutcome
                0x0800216c       0xf4 ./Core/Src/game_fsm.o
                0x0800216c                eGetAttackOutcome
 .text.ClearScreen
                0x08002260       0x24 ./Core/Src/game_screen.o
                0x08002260                ClearScreen
 .text.DrawCachedPlayerIcon
                0x08002284       0x3c ./Core/Src/game_screen.o
                0x08002284                DrawCachedPlayerIcon
 .text.DrawDifficultyMenu
                0x080022c0       0x90 ./Core/Src/game_screen.o
                0x080022c0                DrawDifficultyMenu
 .text.DrawSingleDifficultyOption
                0x08002350       0x9c ./Core/Src/game_screen.o
                0x08002350                DrawSingleDifficultyOption
 .text.DrawPersonaCarousel
                0x080023ec       0xbc ./Core/Src/game_screen.o
                0x080023ec                DrawPersonaCarousel
 .text.LoadAllIconsToCache
                0x080024a8       0x9c ./Core/Src/game_screen.o
                0x080024a8                LoadAllIconsToCache
 .text.DrawBattleLayout
                0x08002544      0x18c ./Core/Src/game_screen.o
                0x08002544                DrawBattleLayout
 .text.UpdatePlayerAttacks
                0x080026d0       0x98 ./Core/Src/game_screen.o
                0x080026d0                UpdatePlayerAttacks
 .text.DrawBattleResolutionBg
                0x08002768       0x24 ./Core/Src/game_screen.o
                0x08002768                DrawBattleResolutionBg
 .text.EraseClashIcons
                0x0800278c       0x34 ./Core/Src/game_screen.o
                0x0800278c                EraseClashIcons
 .text.DrawClashIcons
                0x080027c0       0x50 ./Core/Src/game_screen.o
                0x080027c0                DrawClashIcons
 .text.UpdateHealthBars
                0x08002810       0xc0 ./Core/Src/game_screen.o
                0x08002810                UpdateHealthBars
 .text.DrawWizardAction
                0x080028d0      0x304 ./Core/Src/game_screen.o
                0x080028d0                DrawWizardAction
 .text.KEYPAD_Scan
                0x08002bd4      0x104 ./Core/Src/keypad.o
                0x08002bd4                KEYPAD_Scan
 .text.main     0x08002cd8      0x2c8 ./Core/Src/main.o
                0x08002cd8                main
 .text.SystemClock_Config
                0x08002fa0       0xd4 ./Core/Src/main.o
                0x08002fa0                SystemClock_Config
 .text.MX_I2C2_Init
                0x08003074       0x5c ./Core/Src/main.o
 .text.MX_SDIO_SD_Init
                0x080030d0       0x44 ./Core/Src/main.o
 .text.MX_SPI1_Init
                0x08003114       0x6c ./Core/Src/main.o
 .text.MX_UART4_Init
                0x08003180       0x54 ./Core/Src/main.o
 .text.MX_DMA_Init
                0x080031d4       0x60 ./Core/Src/main.o
 .text.MX_GPIO_Init
                0x08003234      0x12c ./Core/Src/main.o
 .text.StartInputHalTask
                0x08003360       0x58 ./Core/Src/main.o
                0x08003360                StartInputHalTask
 .text.StartGameTask
                0x080033b8      0x5dc ./Core/Src/main.o
                0x080033b8                StartGameTask
 .text.StartDisplayTask
                0x08003994      0x600 ./Core/Src/main.o
                0x08003994                StartDisplayTask
 .text.HAL_TIM_PeriodElapsedCallback
                0x08003f94       0x24 ./Core/Src/main.o
                0x08003f94                HAL_TIM_PeriodElapsedCallback
 .text.HAL_SPI_TxCpltCallback
                0x08003fb8       0x54 ./Core/Src/main.o
                0x08003fb8                HAL_SPI_TxCpltCallback
 .text.Error_Handler
                0x0800400c        0xc ./Core/Src/main.o
                0x0800400c                Error_Handler
 .text.HAL_MspInit
                0x08004018       0x98 ./Core/Src/stm32f4xx_hal_msp.o
                0x08004018                HAL_MspInit
 .text.HAL_I2C_MspInit
                0x080040b0       0xb0 ./Core/Src/stm32f4xx_hal_msp.o
                0x080040b0                HAL_I2C_MspInit
 .text.HAL_SD_MspInit
                0x08004160      0x1d0 ./Core/Src/stm32f4xx_hal_msp.o
                0x08004160                HAL_SD_MspInit
 .text.HAL_SPI_MspInit
                0x08004330      0x11c ./Core/Src/stm32f4xx_hal_msp.o
                0x08004330                HAL_SPI_MspInit
 .text.HAL_UART_MspInit
                0x0800444c       0xa0 ./Core/Src/stm32f4xx_hal_msp.o
                0x0800444c                HAL_UART_MspInit
 .text.HAL_InitTick
                0x080044ec       0xf8 ./Core/Src/stm32f4xx_hal_timebase_tim.o
                0x080044ec                HAL_InitTick
 .text.NMI_Handler
                0x080045e4        0x8 ./Core/Src/stm32f4xx_it.o
                0x080045e4                NMI_Handler
 .text.HardFault_Handler
                0x080045ec        0x8 ./Core/Src/stm32f4xx_it.o
                0x080045ec                HardFault_Handler
 .text.MemManage_Handler
                0x080045f4        0x8 ./Core/Src/stm32f4xx_it.o
                0x080045f4                MemManage_Handler
 .text.BusFault_Handler
                0x080045fc        0x8 ./Core/Src/stm32f4xx_it.o
                0x080045fc                BusFault_Handler
 .text.UsageFault_Handler
                0x08004604        0x8 ./Core/Src/stm32f4xx_it.o
                0x08004604                UsageFault_Handler
 .text.DebugMon_Handler
                0x0800460c        0xe ./Core/Src/stm32f4xx_it.o
                0x0800460c                DebugMon_Handler
 .text.PVD_IRQHandler
                0x0800461a        0xc ./Core/Src/stm32f4xx_it.o
                0x0800461a                PVD_IRQHandler
 .text.FLASH_IRQHandler
                0x08004626        0xc ./Core/Src/stm32f4xx_it.o
                0x08004626                FLASH_IRQHandler
 .text.RCC_IRQHandler
                0x08004632        0xe ./Core/Src/stm32f4xx_it.o
                0x08004632                RCC_IRQHandler
 .text.I2C2_EV_IRQHandler
                0x08004640       0x14 ./Core/Src/stm32f4xx_it.o
                0x08004640                I2C2_EV_IRQHandler
 .text.I2C2_ER_IRQHandler
                0x08004654       0x14 ./Core/Src/stm32f4xx_it.o
                0x08004654                I2C2_ER_IRQHandler
 .text.SPI1_IRQHandler
                0x08004668       0x14 ./Core/Src/stm32f4xx_it.o
                0x08004668                SPI1_IRQHandler
 .text.UART4_IRQHandler
                0x0800467c       0x14 ./Core/Src/stm32f4xx_it.o
                0x0800467c                UART4_IRQHandler
 .text.TIM6_DAC_IRQHandler
                0x08004690       0x14 ./Core/Src/stm32f4xx_it.o
                0x08004690                TIM6_DAC_IRQHandler
 .text.FPU_IRQHandler
                0x080046a4        0xe ./Core/Src/stm32f4xx_it.o
                0x080046a4                FPU_IRQHandler
 *fill*         0x080046b2        0x2 
 .text.DMA2_Stream3_IRQHandler
                0x080046b4       0x14 ./Core/Src/stm32f4xx_it.o
                0x080046b4                DMA2_Stream3_IRQHandler
 .text.DMA2_Stream5_IRQHandler
                0x080046c8       0x14 ./Core/Src/stm32f4xx_it.o
                0x080046c8                DMA2_Stream5_IRQHandler
 .text.DMA2_Stream6_IRQHandler
                0x080046dc       0x14 ./Core/Src/stm32f4xx_it.o
                0x080046dc                DMA2_Stream6_IRQHandler
 .text._getpid  0x080046f0       0x10 ./Core/Src/syscalls.o
                0x080046f0                _getpid
 .text._kill    0x08004700       0x20 ./Core/Src/syscalls.o
                0x08004700                _kill
 .text._exit    0x08004720       0x16 ./Core/Src/syscalls.o
                0x08004720                _exit
 .text._read    0x08004736       0x3a ./Core/Src/syscalls.o
                0x08004736                _read
 .text._write   0x08004770       0x38 ./Core/Src/syscalls.o
                0x08004770                _write
 .text._close   0x080047a8       0x18 ./Core/Src/syscalls.o
                0x080047a8                _close
 .text._fstat   0x080047c0       0x20 ./Core/Src/syscalls.o
                0x080047c0                _fstat
 .text._isatty  0x080047e0       0x16 ./Core/Src/syscalls.o
                0x080047e0                _isatty
 .text._lseek   0x080047f6       0x1a ./Core/Src/syscalls.o
                0x080047f6                _lseek
 .text._sbrk    0x08004810       0x6c ./Core/Src/sysmem.o
                0x08004810                _sbrk
 .text.SystemInit
                0x0800487c       0x24 ./Core/Src/system_stm32f4xx.o
                0x0800487c                SystemInit
 .text.Reset_Handler
                0x080048a0       0x50 ./Core/Startup/startup_stm32f407vetx.o
                0x080048a0                Reset_Handler
 .text.Default_Handler
                0x080048f0        0x2 ./Core/Startup/startup_stm32f407vetx.o
                0x080048f0                RTC_Alarm_IRQHandler
                0x080048f0                HASH_RNG_IRQHandler
                0x080048f0                EXTI2_IRQHandler
                0x080048f0                TIM8_CC_IRQHandler
                0x080048f0                TIM1_CC_IRQHandler
                0x080048f0                DMA1_Stream5_IRQHandler
                0x080048f0                SDIO_IRQHandler
                0x080048f0                TAMP_STAMP_IRQHandler
                0x080048f0                CAN2_RX1_IRQHandler
                0x080048f0                EXTI3_IRQHandler
                0x080048f0                TIM8_TRG_COM_TIM14_IRQHandler
                0x080048f0                TIM1_UP_TIM10_IRQHandler
                0x080048f0                TIM8_UP_TIM13_IRQHandler
                0x080048f0                I2C3_ER_IRQHandler
                0x080048f0                EXTI0_IRQHandler
                0x080048f0                DMA1_Stream2_IRQHandler
                0x080048f0                CAN1_RX0_IRQHandler
                0x080048f0                OTG_HS_WKUP_IRQHandler
                0x080048f0                CAN2_SCE_IRQHandler
                0x080048f0                DMA2_Stream2_IRQHandler
                0x080048f0                TIM1_BRK_TIM9_IRQHandler
                0x080048f0                DCMI_IRQHandler
                0x080048f0                CAN2_RX0_IRQHandler
                0x080048f0                USART6_IRQHandler
                0x080048f0                USART3_IRQHandler
                0x080048f0                CAN1_RX1_IRQHandler
                0x080048f0                UART5_IRQHandler
                0x080048f0                DMA2_Stream0_IRQHandler
                0x080048f0                TIM4_IRQHandler
                0x080048f0                I2C1_EV_IRQHandler
                0x080048f0                DMA1_Stream6_IRQHandler
                0x080048f0                DMA1_Stream1_IRQHandler
                0x080048f0                TIM3_IRQHandler
                0x080048f0                TIM8_BRK_TIM12_IRQHandler
                0x080048f0                Default_Handler
                0x080048f0                EXTI15_10_IRQHandler
                0x080048f0                ADC_IRQHandler
                0x080048f0                DMA1_Stream7_IRQHandler
                0x080048f0                TIM7_IRQHandler
                0x080048f0                CAN2_TX_IRQHandler
                0x080048f0                TIM5_IRQHandler
                0x080048f0                DMA2_Stream7_IRQHandler
                0x080048f0                I2C3_EV_IRQHandler
                0x080048f0                EXTI9_5_IRQHandler
                0x080048f0                RTC_WKUP_IRQHandler
                0x080048f0                ETH_WKUP_IRQHandler
                0x080048f0                SPI2_IRQHandler
                0x080048f0                OTG_HS_EP1_IN_IRQHandler
                0x080048f0                DMA1_Stream0_IRQHandler
                0x080048f0                CAN1_TX_IRQHandler
                0x080048f0                EXTI4_IRQHandler
                0x080048f0                FSMC_IRQHandler
                0x080048f0                ETH_IRQHandler
                0x080048f0                OTG_HS_EP1_OUT_IRQHandler
                0x080048f0                WWDG_IRQHandler
                0x080048f0                TIM2_IRQHandler
                0x080048f0                OTG_FS_WKUP_IRQHandler
                0x080048f0                TIM1_TRG_COM_TIM11_IRQHandler
                0x080048f0                OTG_HS_IRQHandler
                0x080048f0                EXTI1_IRQHandler
                0x080048f0                USART2_IRQHandler
                0x080048f0                DMA2_Stream1_IRQHandler
                0x080048f0                CAN1_SCE_IRQHandler
                0x080048f0                DMA2_Stream4_IRQHandler
                0x080048f0                USART1_IRQHandler
                0x080048f0                OTG_FS_IRQHandler
                0x080048f0                SPI3_IRQHandler
                0x080048f0                DMA1_Stream4_IRQHandler
                0x080048f0                I2C1_ER_IRQHandler
                0x080048f0                DMA1_Stream3_IRQHandler
 *fill*         0x080048f2        0x2 
 .text.HAL_Init
                0x080048f4       0x44 ./Drivers/STM32F4xx_HAL_Driver/Src/stm32f4xx_hal.o
                0x080048f4                HAL_Init
 .text.HAL_IncTick
                0x08004938       0x28 ./Drivers/STM32F4xx_HAL_Driver/Src/stm32f4xx_hal.o
                0x08004938                HAL_IncTick
 .text.HAL_GetTick
                0x08004960       0x18 ./Drivers/STM32F4xx_HAL_Driver/Src/stm32f4xx_hal.o
                0x08004960                HAL_GetTick
 .text.HAL_Delay
                0x08004978       0x48 ./Drivers/STM32F4xx_HAL_Driver/Src/stm32f4xx_hal.o
                0x08004978                HAL_Delay
 .text.__NVIC_SetPriorityGrouping
                0x080049c0       0x48 ./Drivers/STM32F4xx_HAL_Driver/Src/stm32f4xx_hal_cortex.o
 .text.__NVIC_GetPriorityGrouping
                0x08004a08       0x1c ./Drivers/STM32F4xx_HAL_Driver/Src/stm32f4xx_hal_cortex.o
 .text.__NVIC_EnableIRQ
                0x08004a24       0x3c ./Drivers/STM32F4xx_HAL_Driver/Src/stm32f4xx_hal_cortex.o
 .text.__NVIC_SetPriority
                0x08004a60       0x54 ./Drivers/STM32F4xx_HAL_Driver/Src/stm32f4xx_hal_cortex.o
 .text.NVIC_EncodePriority
                0x08004ab4       0x66 ./Drivers/STM32F4xx_HAL_Driver/Src/stm32f4xx_hal_cortex.o
 .text.HAL_NVIC_SetPriorityGrouping
                0x08004b1a       0x16 ./Drivers/STM32F4xx_HAL_Driver/Src/stm32f4xx_hal_cortex.o
                0x08004b1a                HAL_NVIC_SetPriorityGrouping
 .text.HAL_NVIC_SetPriority
                0x08004b30       0x38 ./Drivers/STM32F4xx_HAL_Driver/Src/stm32f4xx_hal_cortex.o
                0x08004b30                HAL_NVIC_SetPriority
 .text.HAL_NVIC_EnableIRQ
                0x08004b68       0x1c ./Drivers/STM32F4xx_HAL_Driver/Src/stm32f4xx_hal_cortex.o
                0x08004b68                HAL_NVIC_EnableIRQ
 .text.HAL_DMA_Init
                0x08004b84      0x15c ./Drivers/STM32F4xx_HAL_Driver/Src/stm32f4xx_hal_dma.o
                0x08004b84                HAL_DMA_Init
 .text.HAL_DMA_Start_IT
                0x08004ce0       0xb0 ./Drivers/STM32F4xx_HAL_Driver/Src/stm32f4xx_hal_dma.o
                0x08004ce0                HAL_DMA_Start_IT
 .text.HAL_DMA_Abort
                0x08004d90       0xe0 ./Drivers/STM32F4xx_HAL_Driver/Src/stm32f4xx_hal_dma.o
                0x08004d90                HAL_DMA_Abort
 .text.HAL_DMA_Abort_IT
                0x08004e70       0x44 ./Drivers/STM32F4xx_HAL_Driver/Src/stm32f4xx_hal_dma.o
                0x08004e70                HAL_DMA_Abort_IT
 .text.HAL_DMA_IRQHandler
                0x08004eb4      0x314 ./Drivers/STM32F4xx_HAL_Driver/Src/stm32f4xx_hal_dma.o
                0x08004eb4                HAL_DMA_IRQHandler
 .text.HAL_DMA_GetState
                0x080051c8       0x1c ./Drivers/STM32F4xx_HAL_Driver/Src/stm32f4xx_hal_dma.o
                0x080051c8                HAL_DMA_GetState
 .text.HAL_DMA_GetError
                0x080051e4       0x18 ./Drivers/STM32F4xx_HAL_Driver/Src/stm32f4xx_hal_dma.o
                0x080051e4                HAL_DMA_GetError
 .text.DMA_SetConfig
                0x080051fc       0x5c ./Drivers/STM32F4xx_HAL_Driver/Src/stm32f4xx_hal_dma.o
 .text.DMA_CalcBaseAndBitshift
                0x08005258       0x6c ./Drivers/STM32F4xx_HAL_Driver/Src/stm32f4xx_hal_dma.o
 .text.DMA_CheckFifoParam
                0x080052c4       0xf8 ./Drivers/STM32F4xx_HAL_Driver/Src/stm32f4xx_hal_dma.o
 .text.HAL_FLASH_IRQHandler
                0x080053bc      0x138 ./Drivers/STM32F4xx_HAL_Driver/Src/stm32f4xx_hal_flash.o
                0x080053bc                HAL_FLASH_IRQHandler
 .text.HAL_FLASH_EndOfOperationCallback
                0x080054f4       0x14 ./Drivers/STM32F4xx_HAL_Driver/Src/stm32f4xx_hal_flash.o
                0x080054f4                HAL_FLASH_EndOfOperationCallback
 .text.HAL_FLASH_OperationErrorCallback
                0x08005508       0x14 ./Drivers/STM32F4xx_HAL_Driver/Src/stm32f4xx_hal_flash.o
                0x08005508                HAL_FLASH_OperationErrorCallback
 .text.FLASH_SetErrorCode
                0x0800551c       0xac ./Drivers/STM32F4xx_HAL_Driver/Src/stm32f4xx_hal_flash.o
 .text.FLASH_Erase_Sector
                0x080055c8       0x90 ./Drivers/STM32F4xx_HAL_Driver/Src/stm32f4xx_hal_flash_ex.o
                0x080055c8                FLASH_Erase_Sector
 .text.FLASH_FlushCaches
                0x08005658       0x8c ./Drivers/STM32F4xx_HAL_Driver/Src/stm32f4xx_hal_flash_ex.o
                0x08005658                FLASH_FlushCaches
 .text.HAL_GPIO_Init
                0x080056e4      0x338 ./Drivers/STM32F4xx_HAL_Driver/Src/stm32f4xx_hal_gpio.o
                0x080056e4                HAL_GPIO_Init
 .text.HAL_GPIO_ReadPin
                0x08005a1c       0x30 ./Drivers/STM32F4xx_HAL_Driver/Src/stm32f4xx_hal_gpio.o
                0x08005a1c                HAL_GPIO_ReadPin
 .text.HAL_GPIO_WritePin
                0x08005a4c       0x32 ./Drivers/STM32F4xx_HAL_Driver/Src/stm32f4xx_hal_gpio.o
                0x08005a4c                HAL_GPIO_WritePin
 *fill*         0x08005a7e        0x2 
 .text.HAL_I2C_Init
                0x08005a80      0x288 ./Drivers/STM32F4xx_HAL_Driver/Src/stm32f4xx_hal_i2c.o
                0x08005a80                HAL_I2C_Init
 .text.I2C_Flush_DR
                0x08005d08       0x2a ./Drivers/STM32F4xx_HAL_Driver/Src/stm32f4xx_hal_i2c.o
 *fill*         0x08005d32        0x2 
 .text.HAL_I2C_Master_Transmit
                0x08005d34      0x1fc ./Drivers/STM32F4xx_HAL_Driver/Src/stm32f4xx_hal_i2c.o
                0x08005d34                HAL_I2C_Master_Transmit
 .text.HAL_I2C_Mem_Write
                0x08005f30      0x1f4 ./Drivers/STM32F4xx_HAL_Driver/Src/stm32f4xx_hal_i2c.o
                0x08005f30                HAL_I2C_Mem_Write
 .text.HAL_I2C_Mem_Read
                0x08006124      0x464 ./Drivers/STM32F4xx_HAL_Driver/Src/stm32f4xx_hal_i2c.o
                0x08006124                HAL_I2C_Mem_Read
 .text.HAL_I2C_IsDeviceReady
                0x08006588      0x25c ./Drivers/STM32F4xx_HAL_Driver/Src/stm32f4xx_hal_i2c.o
                0x08006588                HAL_I2C_IsDeviceReady
 .text.HAL_I2C_EV_IRQHandler
                0x080067e4      0x2e2 ./Drivers/STM32F4xx_HAL_Driver/Src/stm32f4xx_hal_i2c.o
                0x080067e4                HAL_I2C_EV_IRQHandler
 .text.HAL_I2C_ER_IRQHandler
                0x08006ac6      0x14e ./Drivers/STM32F4xx_HAL_Driver/Src/stm32f4xx_hal_i2c.o
                0x08006ac6                HAL_I2C_ER_IRQHandler
 .text.HAL_I2C_MasterTxCpltCallback
                0x08006c14       0x14 ./Drivers/STM32F4xx_HAL_Driver/Src/stm32f4xx_hal_i2c.o
                0x08006c14                HAL_I2C_MasterTxCpltCallback
 .text.HAL_I2C_MasterRxCpltCallback
                0x08006c28       0x14 ./Drivers/STM32F4xx_HAL_Driver/Src/stm32f4xx_hal_i2c.o
                0x08006c28                HAL_I2C_MasterRxCpltCallback
 .text.HAL_I2C_SlaveTxCpltCallback
                0x08006c3c       0x14 ./Drivers/STM32F4xx_HAL_Driver/Src/stm32f4xx_hal_i2c.o
                0x08006c3c                HAL_I2C_SlaveTxCpltCallback
 .text.HAL_I2C_SlaveRxCpltCallback
                0x08006c50       0x14 ./Drivers/STM32F4xx_HAL_Driver/Src/stm32f4xx_hal_i2c.o
                0x08006c50                HAL_I2C_SlaveRxCpltCallback
 .text.HAL_I2C_AddrCallback
                0x08006c64       0x1c ./Drivers/STM32F4xx_HAL_Driver/Src/stm32f4xx_hal_i2c.o
                0x08006c64                HAL_I2C_AddrCallback
 .text.HAL_I2C_ListenCpltCallback
                0x08006c80       0x14 ./Drivers/STM32F4xx_HAL_Driver/Src/stm32f4xx_hal_i2c.o
                0x08006c80                HAL_I2C_ListenCpltCallback
 .text.HAL_I2C_MemTxCpltCallback
                0x08006c94       0x14 ./Drivers/STM32F4xx_HAL_Driver/Src/stm32f4xx_hal_i2c.o
                0x08006c94                HAL_I2C_MemTxCpltCallback
 .text.HAL_I2C_MemRxCpltCallback
                0x08006ca8       0x14 ./Drivers/STM32F4xx_HAL_Driver/Src/stm32f4xx_hal_i2c.o
                0x08006ca8                HAL_I2C_MemRxCpltCallback
 .text.HAL_I2C_ErrorCallback
                0x08006cbc       0x14 ./Drivers/STM32F4xx_HAL_Driver/Src/stm32f4xx_hal_i2c.o
                0x08006cbc                HAL_I2C_ErrorCallback
 .text.HAL_I2C_AbortCpltCallback
                0x08006cd0       0x14 ./Drivers/STM32F4xx_HAL_Driver/Src/stm32f4xx_hal_i2c.o
                0x08006cd0                HAL_I2C_AbortCpltCallback
 .text.I2C_MasterTransmit_TXE
                0x08006ce4      0x138 ./Drivers/STM32F4xx_HAL_Driver/Src/stm32f4xx_hal_i2c.o
 .text.I2C_MasterTransmit_BTF
                0x08006e1c       0xec ./Drivers/STM32F4xx_HAL_Driver/Src/stm32f4xx_hal_i2c.o
 .text.I2C_MemoryTransmit_TXE_BTF
                0x08006f08      0x130 ./Drivers/STM32F4xx_HAL_Driver/Src/stm32f4xx_hal_i2c.o
 .text.I2C_MasterReceive_RXNE
                0x08007038      0x190 ./Drivers/STM32F4xx_HAL_Driver/Src/stm32f4xx_hal_i2c.o
 .text.I2C_MasterReceive_BTF
                0x080071c8      0x1e2 ./Drivers/STM32F4xx_HAL_Driver/Src/stm32f4xx_hal_i2c.o
 .text.I2C_Master_SB
                0x080073aa      0x10c ./Drivers/STM32F4xx_HAL_Driver/Src/stm32f4xx_hal_i2c.o
 .text.I2C_Master_ADD10
                0x080074b6       0x54 ./Drivers/STM32F4xx_HAL_Driver/Src/stm32f4xx_hal_i2c.o
 .text.I2C_Master_ADDR
                0x0800750a      0x322 ./Drivers/STM32F4xx_HAL_Driver/Src/stm32f4xx_hal_i2c.o
 .text.I2C_SlaveTransmit_TXE
                0x0800782c       0x7a ./Drivers/STM32F4xx_HAL_Driver/Src/stm32f4xx_hal_i2c.o
 .text.I2C_SlaveTransmit_BTF
                0x080078a6       0x42 ./Drivers/STM32F4xx_HAL_Driver/Src/stm32f4xx_hal_i2c.o
 .text.I2C_SlaveReceive_RXNE
                0x080078e8       0x7c ./Drivers/STM32F4xx_HAL_Driver/Src/stm32f4xx_hal_i2c.o
 .text.I2C_SlaveReceive_BTF
                0x08007964       0x44 ./Drivers/STM32F4xx_HAL_Driver/Src/stm32f4xx_hal_i2c.o
 .text.I2C_Slave_ADDR
                0x080079a8       0x94 ./Drivers/STM32F4xx_HAL_Driver/Src/stm32f4xx_hal_i2c.o
 .text.I2C_Slave_STOPF
                0x08007a3c      0x260 ./Drivers/STM32F4xx_HAL_Driver/Src/stm32f4xx_hal_i2c.o
 .text.I2C_Slave_AF
                0x08007c9c       0xe8 ./Drivers/STM32F4xx_HAL_Driver/Src/stm32f4xx_hal_i2c.o
 .text.I2C_ITError
                0x08007d84      0x264 ./Drivers/STM32F4xx_HAL_Driver/Src/stm32f4xx_hal_i2c.o
 .text.I2C_MasterRequestWrite
                0x08007fe8      0x104 ./Drivers/STM32F4xx_HAL_Driver/Src/stm32f4xx_hal_i2c.o
 .text.I2C_RequestMemoryWrite
                0x080080ec      0x12c ./Drivers/STM32F4xx_HAL_Driver/Src/stm32f4xx_hal_i2c.o
 .text.I2C_RequestMemoryRead
                0x08008218      0x1d0 ./Drivers/STM32F4xx_HAL_Driver/Src/stm32f4xx_hal_i2c.o
 .text.I2C_DMAAbort
                0x080083e8      0x150 ./Drivers/STM32F4xx_HAL_Driver/Src/stm32f4xx_hal_i2c.o
 .text.I2C_WaitOnFlagUntilTimeout
                0x08008538       0xf4 ./Drivers/STM32F4xx_HAL_Driver/Src/stm32f4xx_hal_i2c.o
 .text.I2C_WaitOnMasterAddressFlagUntilTimeout
                0x0800862c      0x140 ./Drivers/STM32F4xx_HAL_Driver/Src/stm32f4xx_hal_i2c.o
 .text.I2C_WaitOnTXEFlagUntilTimeout
                0x0800876c       0x90 ./Drivers/STM32F4xx_HAL_Driver/Src/stm32f4xx_hal_i2c.o
 .text.I2C_WaitOnBTFFlagUntilTimeout
                0x080087fc       0x90 ./Drivers/STM32F4xx_HAL_Driver/Src/stm32f4xx_hal_i2c.o
 .text.I2C_WaitOnSTOPRequestThroughIT
                0x0800888c       0x64 ./Drivers/STM32F4xx_HAL_Driver/Src/stm32f4xx_hal_i2c.o
 .text.I2C_WaitOnRXNEFlagUntilTimeout
                0x080088f0       0xba ./Drivers/STM32F4xx_HAL_Driver/Src/stm32f4xx_hal_i2c.o
 .text.I2C_IsAcknowledgeFailed
                0x080089aa       0x5e ./Drivers/STM32F4xx_HAL_Driver/Src/stm32f4xx_hal_i2c.o
 .text.I2C_ConvertOtherXferOptions
                0x08008a08       0x36 ./Drivers/STM32F4xx_HAL_Driver/Src/stm32f4xx_hal_i2c.o
 *fill*         0x08008a3e        0x2 
 .text.HAL_PWR_PVD_IRQHandler
                0x08008a40       0x24 ./Drivers/STM32F4xx_HAL_Driver/Src/stm32f4xx_hal_pwr.o
                0x08008a40                HAL_PWR_PVD_IRQHandler
 .text.HAL_PWR_PVDCallback
                0x08008a64        0xe ./Drivers/STM32F4xx_HAL_Driver/Src/stm32f4xx_hal_pwr.o
                0x08008a64                HAL_PWR_PVDCallback
 *fill*         0x08008a72        0x2 
 .text.HAL_RCC_OscConfig
                0x08008a74      0x4f0 ./Drivers/STM32F4xx_HAL_Driver/Src/stm32f4xx_hal_rcc.o
                0x08008a74                HAL_RCC_OscConfig
 .text.HAL_RCC_ClockConfig
                0x08008f64      0x1cc ./Drivers/STM32F4xx_HAL_Driver/Src/stm32f4xx_hal_rcc.o
                0x08008f64                HAL_RCC_ClockConfig
 .text.HAL_RCC_GetSysClockFreq
                0x08009130      0x18c ./Drivers/STM32F4xx_HAL_Driver/Src/stm32f4xx_hal_rcc.o
                0x08009130                HAL_RCC_GetSysClockFreq
 .text.HAL_RCC_GetHCLKFreq
                0x080092bc       0x18 ./Drivers/STM32F4xx_HAL_Driver/Src/stm32f4xx_hal_rcc.o
                0x080092bc                HAL_RCC_GetHCLKFreq
 .text.HAL_RCC_GetPCLK1Freq
                0x080092d4       0x28 ./Drivers/STM32F4xx_HAL_Driver/Src/stm32f4xx_hal_rcc.o
                0x080092d4                HAL_RCC_GetPCLK1Freq
 .text.HAL_RCC_GetPCLK2Freq
                0x080092fc       0x28 ./Drivers/STM32F4xx_HAL_Driver/Src/stm32f4xx_hal_rcc.o
                0x080092fc                HAL_RCC_GetPCLK2Freq
 .text.HAL_RCC_GetClockConfig
                0x08009324       0x64 ./Drivers/STM32F4xx_HAL_Driver/Src/stm32f4xx_hal_rcc.o
                0x08009324                HAL_RCC_GetClockConfig
 .text.HAL_SD_Init
                0x08009388       0x60 ./Drivers/STM32F4xx_HAL_Driver/Src/stm32f4xx_hal_sd.o
                0x08009388                HAL_SD_Init
 .text.HAL_SD_InitCard
                0x080093e8       0xf0 ./Drivers/STM32F4xx_HAL_Driver/Src/stm32f4xx_hal_sd.o
                0x080093e8                HAL_SD_InitCard
 .text.HAL_SD_ReadBlocks_DMA
                0x080094d8      0x1c4 ./Drivers/STM32F4xx_HAL_Driver/Src/stm32f4xx_hal_sd.o
                0x080094d8                HAL_SD_ReadBlocks_DMA
 .text.HAL_SD_WriteBlocks_DMA
                0x0800969c      0x1cc ./Drivers/STM32F4xx_HAL_Driver/Src/stm32f4xx_hal_sd.o
                0x0800969c                HAL_SD_WriteBlocks_DMA
 .text.HAL_SD_ErrorCallback
                0x08009868       0x14 ./Drivers/STM32F4xx_HAL_Driver/Src/stm32f4xx_hal_sd.o
                0x08009868                HAL_SD_ErrorCallback
 .text.HAL_SD_GetCardCSD
                0x0800987c      0x348 ./Drivers/STM32F4xx_HAL_Driver/Src/stm32f4xx_hal_sd.o
                0x0800987c                HAL_SD_GetCardCSD
 .text.HAL_SD_GetCardInfo
                0x08009bc4       0x58 ./Drivers/STM32F4xx_HAL_Driver/Src/stm32f4xx_hal_sd.o
                0x08009bc4                HAL_SD_GetCardInfo
 .text.HAL_SD_ConfigWideBusOperation
                0x08009c1c      0x134 ./Drivers/STM32F4xx_HAL_Driver/Src/stm32f4xx_hal_sd.o
                0x08009c1c                HAL_SD_ConfigWideBusOperation
 .text.HAL_SD_GetCardState
                0x08009d50       0x40 ./Drivers/STM32F4xx_HAL_Driver/Src/stm32f4xx_hal_sd.o
                0x08009d50                HAL_SD_GetCardState
 .text.SD_DMATransmitCplt
                0x08009d90       0x2a ./Drivers/STM32F4xx_HAL_Driver/Src/stm32f4xx_hal_sd.o
 .text.SD_DMAReceiveCplt
                0x08009dba       0x70 ./Drivers/STM32F4xx_HAL_Driver/Src/stm32f4xx_hal_sd.o
 *fill*         0x08009e2a        0x2 
 .text.SD_DMAError
                0x08009e2c       0xa4 ./Drivers/STM32F4xx_HAL_Driver/Src/stm32f4xx_hal_sd.o
 .text.SD_InitCard
                0x08009ed0      0x19c ./Drivers/STM32F4xx_HAL_Driver/Src/stm32f4xx_hal_sd.o
 .text.SD_PowerON
                0x0800a06c      0x11c ./Drivers/STM32F4xx_HAL_Driver/Src/stm32f4xx_hal_sd.o
 .text.SD_SendStatus
                0x0800a188       0x50 ./Drivers/STM32F4xx_HAL_Driver/Src/stm32f4xx_hal_sd.o
 .text.SD_WideBus_Enable
                0x0800a1d8       0x96 ./Drivers/STM32F4xx_HAL_Driver/Src/stm32f4xx_hal_sd.o
 .text.SD_WideBus_Disable
                0x0800a26e       0x96 ./Drivers/STM32F4xx_HAL_Driver/Src/stm32f4xx_hal_sd.o
 .text.SD_FindSCR
                0x0800a304      0x1b4 ./Drivers/STM32F4xx_HAL_Driver/Src/stm32f4xx_hal_sd.o
 .text.HAL_SPI_Init
                0x0800a4b8      0x112 ./Drivers/STM32F4xx_HAL_Driver/Src/stm32f4xx_hal_spi.o
                0x0800a4b8                HAL_SPI_Init
 .text.HAL_SPI_Transmit
                0x0800a5ca      0x288 ./Drivers/STM32F4xx_HAL_Driver/Src/stm32f4xx_hal_spi.o
                0x0800a5ca                HAL_SPI_Transmit
 *fill*         0x0800a852        0x2 
 .text.HAL_SPI_Transmit_DMA
                0x0800a854      0x164 ./Drivers/STM32F4xx_HAL_Driver/Src/stm32f4xx_hal_spi.o
                0x0800a854                HAL_SPI_Transmit_DMA
 .text.HAL_SPI_IRQHandler
                0x0800a9b8      0x200 ./Drivers/STM32F4xx_HAL_Driver/Src/stm32f4xx_hal_spi.o
                0x0800a9b8                HAL_SPI_IRQHandler
 .text.HAL_SPI_TxHalfCpltCallback
                0x0800abb8       0x14 ./Drivers/STM32F4xx_HAL_Driver/Src/stm32f4xx_hal_spi.o
                0x0800abb8                HAL_SPI_TxHalfCpltCallback
 .text.HAL_SPI_ErrorCallback
                0x0800abcc       0x14 ./Drivers/STM32F4xx_HAL_Driver/Src/stm32f4xx_hal_spi.o
                0x0800abcc                HAL_SPI_ErrorCallback
 .text.SPI_DMATransmitCplt
                0x0800abe0       0xa8 ./Drivers/STM32F4xx_HAL_Driver/Src/stm32f4xx_hal_spi.o
 .text.SPI_DMAHalfTransmitCplt
                0x0800ac88       0x1c ./Drivers/STM32F4xx_HAL_Driver/Src/stm32f4xx_hal_spi.o
 .text.SPI_DMAError
                0x0800aca4       0x40 ./Drivers/STM32F4xx_HAL_Driver/Src/stm32f4xx_hal_spi.o
 .text.SPI_DMAAbortOnError
                0x0800ace4       0x28 ./Drivers/STM32F4xx_HAL_Driver/Src/stm32f4xx_hal_spi.o
 .text.SPI_WaitFlagStateUntilTimeout
                0x0800ad0c      0x110 ./Drivers/STM32F4xx_HAL_Driver/Src/stm32f4xx_hal_spi.o
 .text.SPI_EndRxTxTransaction
                0x0800ae1c       0xa8 ./Drivers/STM32F4xx_HAL_Driver/Src/stm32f4xx_hal_spi.o
 .text.HAL_TIM_Base_Init
                0x0800aec4       0x9e ./Drivers/STM32F4xx_HAL_Driver/Src/stm32f4xx_hal_tim.o
                0x0800aec4                HAL_TIM_Base_Init
 .text.HAL_TIM_Base_MspInit
                0x0800af62       0x14 ./Drivers/STM32F4xx_HAL_Driver/Src/stm32f4xx_hal_tim.o
                0x0800af62                HAL_TIM_Base_MspInit
 *fill*         0x0800af76        0x2 
 .text.HAL_TIM_Base_Start_IT
                0x0800af78       0xe0 ./Drivers/STM32F4xx_HAL_Driver/Src/stm32f4xx_hal_tim.o
                0x0800af78                HAL_TIM_Base_Start_IT
 .text.HAL_TIM_IRQHandler
                0x0800b058      0x1e0 ./Drivers/STM32F4xx_HAL_Driver/Src/stm32f4xx_hal_tim.o
                0x0800b058                HAL_TIM_IRQHandler
 .text.HAL_TIM_OC_DelayElapsedCallback
                0x0800b238       0x14 ./Drivers/STM32F4xx_HAL_Driver/Src/stm32f4xx_hal_tim.o
                0x0800b238                HAL_TIM_OC_DelayElapsedCallback
 .text.HAL_TIM_IC_CaptureCallback
                0x0800b24c       0x14 ./Drivers/STM32F4xx_HAL_Driver/Src/stm32f4xx_hal_tim.o
                0x0800b24c                HAL_TIM_IC_CaptureCallback
 .text.HAL_TIM_PWM_PulseFinishedCallback
                0x0800b260       0x14 ./Drivers/STM32F4xx_HAL_Driver/Src/stm32f4xx_hal_tim.o
                0x0800b260                HAL_TIM_PWM_PulseFinishedCallback
 .text.HAL_TIM_TriggerCallback
                0x0800b274       0x14 ./Drivers/STM32F4xx_HAL_Driver/Src/stm32f4xx_hal_tim.o
                0x0800b274                HAL_TIM_TriggerCallback
 .text.TIM_Base_SetConfig
                0x0800b288      0x14c ./Drivers/STM32F4xx_HAL_Driver/Src/stm32f4xx_hal_tim.o
                0x0800b288                TIM_Base_SetConfig
 .text.HAL_TIMEx_CommutCallback
                0x0800b3d4       0x14 ./Drivers/STM32F4xx_HAL_Driver/Src/stm32f4xx_hal_tim_ex.o
                0x0800b3d4                HAL_TIMEx_CommutCallback
 .text.HAL_TIMEx_BreakCallback
                0x0800b3e8       0x14 ./Drivers/STM32F4xx_HAL_Driver/Src/stm32f4xx_hal_tim_ex.o
                0x0800b3e8                HAL_TIMEx_BreakCallback
 .text.HAL_UART_Init
                0x0800b3fc       0xa0 ./Drivers/STM32F4xx_HAL_Driver/Src/stm32f4xx_hal_uart.o
                0x0800b3fc                HAL_UART_Init
 .text.HAL_UART_IRQHandler
                0x0800b49c      0x554 ./Drivers/STM32F4xx_HAL_Driver/Src/stm32f4xx_hal_uart.o
                0x0800b49c                HAL_UART_IRQHandler
 .text.HAL_UART_TxCpltCallback
                0x0800b9f0       0x14 ./Drivers/STM32F4xx_HAL_Driver/Src/stm32f4xx_hal_uart.o
                0x0800b9f0                HAL_UART_TxCpltCallback
 .text.HAL_UART_RxCpltCallback
                0x0800ba04       0x14 ./Drivers/STM32F4xx_HAL_Driver/Src/stm32f4xx_hal_uart.o
                0x0800ba04                HAL_UART_RxCpltCallback
 .text.HAL_UART_ErrorCallback
                0x0800ba18       0x14 ./Drivers/STM32F4xx_HAL_Driver/Src/stm32f4xx_hal_uart.o
                0x0800ba18                HAL_UART_ErrorCallback
 .text.HAL_UARTEx_RxEventCallback
                0x0800ba2c       0x18 ./Drivers/STM32F4xx_HAL_Driver/Src/stm32f4xx_hal_uart.o
                0x0800ba2c                HAL_UARTEx_RxEventCallback
 .text.UART_EndRxTransfer
                0x0800ba44       0xc6 ./Drivers/STM32F4xx_HAL_Driver/Src/stm32f4xx_hal_uart.o
 .text.UART_DMAAbortOnError
                0x0800bb0a       0x22 ./Drivers/STM32F4xx_HAL_Driver/Src/stm32f4xx_hal_uart.o
 .text.UART_Transmit_IT
                0x0800bb2c       0xa0 ./Drivers/STM32F4xx_HAL_Driver/Src/stm32f4xx_hal_uart.o
 .text.UART_EndTransmit_IT
                0x0800bbcc       0x30 ./Drivers/STM32F4xx_HAL_Driver/Src/stm32f4xx_hal_uart.o
 .text.UART_Receive_IT
                0x0800bbfc      0x17c ./Drivers/STM32F4xx_HAL_Driver/Src/stm32f4xx_hal_uart.o
 .text.UART_SetConfig
                0x0800bd78      0x4e8 ./Drivers/STM32F4xx_HAL_Driver/Src/stm32f4xx_hal_uart.o
 .text.SDIO_Init
                0x0800c260       0x56 ./Drivers/STM32F4xx_HAL_Driver/Src/stm32f4xx_ll_sdmmc.o
                0x0800c260                SDIO_Init
 .text.SDIO_ReadFIFO
                0x0800c2b6       0x1a ./Drivers/STM32F4xx_HAL_Driver/Src/stm32f4xx_ll_sdmmc.o
                0x0800c2b6                SDIO_ReadFIFO
 .text.SDIO_PowerState_ON
                0x0800c2d0       0x1c ./Drivers/STM32F4xx_HAL_Driver/Src/stm32f4xx_ll_sdmmc.o
                0x0800c2d0                SDIO_PowerState_ON
 .text.SDIO_GetPowerState
                0x0800c2ec       0x1c ./Drivers/STM32F4xx_HAL_Driver/Src/stm32f4xx_ll_sdmmc.o
                0x0800c2ec                SDIO_GetPowerState
 .text.SDIO_SendCommand
                0x0800c308       0x54 ./Drivers/STM32F4xx_HAL_Driver/Src/stm32f4xx_ll_sdmmc.o
                0x0800c308                SDIO_SendCommand
 .text.SDIO_GetCommandResponse
                0x0800c35c       0x1a ./Drivers/STM32F4xx_HAL_Driver/Src/stm32f4xx_ll_sdmmc.o
                0x0800c35c                SDIO_GetCommandResponse
 .text.SDIO_GetResponse
                0x0800c376       0x26 ./Drivers/STM32F4xx_HAL_Driver/Src/stm32f4xx_ll_sdmmc.o
                0x0800c376                SDIO_GetResponse
 .text.SDIO_ConfigData
                0x0800c39c       0x58 ./Drivers/STM32F4xx_HAL_Driver/Src/stm32f4xx_ll_sdmmc.o
                0x0800c39c                SDIO_ConfigData
 .text.SDMMC_CmdBlockLength
                0x0800c3f4       0x44 ./Drivers/STM32F4xx_HAL_Driver/Src/stm32f4xx_ll_sdmmc.o
                0x0800c3f4                SDMMC_CmdBlockLength
 .text.SDMMC_CmdReadSingleBlock
                0x0800c438       0x44 ./Drivers/STM32F4xx_HAL_Driver/Src/stm32f4xx_ll_sdmmc.o
                0x0800c438                SDMMC_CmdReadSingleBlock
 .text.SDMMC_CmdReadMultiBlock
                0x0800c47c       0x44 ./Drivers/STM32F4xx_HAL_Driver/Src/stm32f4xx_ll_sdmmc.o
                0x0800c47c                SDMMC_CmdReadMultiBlock
 .text.SDMMC_CmdWriteSingleBlock
                0x0800c4c0       0x44 ./Drivers/STM32F4xx_HAL_Driver/Src/stm32f4xx_ll_sdmmc.o
                0x0800c4c0                SDMMC_CmdWriteSingleBlock
 .text.SDMMC_CmdWriteMultiBlock
                0x0800c504       0x44 ./Drivers/STM32F4xx_HAL_Driver/Src/stm32f4xx_ll_sdmmc.o
                0x0800c504                SDMMC_CmdWriteMultiBlock
 .text.SDMMC_CmdStopTransfer
                0x0800c548       0x44 ./Drivers/STM32F4xx_HAL_Driver/Src/stm32f4xx_ll_sdmmc.o
                0x0800c548                SDMMC_CmdStopTransfer
 .text.SDMMC_CmdSelDesel
                0x0800c58c       0x46 ./Drivers/STM32F4xx_HAL_Driver/Src/stm32f4xx_ll_sdmmc.o
                0x0800c58c                SDMMC_CmdSelDesel
 .text.SDMMC_CmdGoIdleState
                0x0800c5d2       0x3c ./Drivers/STM32F4xx_HAL_Driver/Src/stm32f4xx_ll_sdmmc.o
                0x0800c5d2                SDMMC_CmdGoIdleState
 .text.SDMMC_CmdOperCond
                0x0800c60e       0x3e ./Drivers/STM32F4xx_HAL_Driver/Src/stm32f4xx_ll_sdmmc.o
                0x0800c60e                SDMMC_CmdOperCond
 .text.SDMMC_CmdAppCommand
                0x0800c64c       0x44 ./Drivers/STM32F4xx_HAL_Driver/Src/stm32f4xx_ll_sdmmc.o
                0x0800c64c                SDMMC_CmdAppCommand
 .text.SDMMC_CmdAppOperCommand
                0x0800c690       0x46 ./Drivers/STM32F4xx_HAL_Driver/Src/stm32f4xx_ll_sdmmc.o
                0x0800c690                SDMMC_CmdAppOperCommand
 .text.SDMMC_CmdBusWidth
                0x0800c6d6       0x44 ./Drivers/STM32F4xx_HAL_Driver/Src/stm32f4xx_ll_sdmmc.o
                0x0800c6d6                SDMMC_CmdBusWidth
 .text.SDMMC_CmdSendSCR
                0x0800c71a       0x42 ./Drivers/STM32F4xx_HAL_Driver/Src/stm32f4xx_ll_sdmmc.o
                0x0800c71a                SDMMC_CmdSendSCR
 .text.SDMMC_CmdSendCID
                0x0800c75c       0x3c ./Drivers/STM32F4xx_HAL_Driver/Src/stm32f4xx_ll_sdmmc.o
                0x0800c75c                SDMMC_CmdSendCID
 .text.SDMMC_CmdSendCSD
                0x0800c798       0x3e ./Drivers/STM32F4xx_HAL_Driver/Src/stm32f4xx_ll_sdmmc.o
                0x0800c798                SDMMC_CmdSendCSD
 .text.SDMMC_CmdSetRelAdd
                0x0800c7d6       0x42 ./Drivers/STM32F4xx_HAL_Driver/Src/stm32f4xx_ll_sdmmc.o
                0x0800c7d6                SDMMC_CmdSetRelAdd
 .text.SDMMC_CmdSendStatus
                0x0800c818       0x44 ./Drivers/STM32F4xx_HAL_Driver/Src/stm32f4xx_ll_sdmmc.o
                0x0800c818                SDMMC_CmdSendStatus
 .text.SDMMC_GetCmdResp1
                0x0800c85c      0x1dc ./Drivers/STM32F4xx_HAL_Driver/Src/stm32f4xx_ll_sdmmc.o
                0x0800c85c                SDMMC_GetCmdResp1
 .text.SDMMC_GetCmdResp2
                0x0800ca38       0x90 ./Drivers/STM32F4xx_HAL_Driver/Src/stm32f4xx_ll_sdmmc.o
                0x0800ca38                SDMMC_GetCmdResp2
 .text.SDMMC_GetCmdResp3
                0x0800cac8       0x7c ./Drivers/STM32F4xx_HAL_Driver/Src/stm32f4xx_ll_sdmmc.o
                0x0800cac8                SDMMC_GetCmdResp3
 .text.SDMMC_GetCmdResp6
                0x0800cb44       0xec ./Drivers/STM32F4xx_HAL_Driver/Src/stm32f4xx_ll_sdmmc.o
                0x0800cb44                SDMMC_GetCmdResp6
 .text.SDMMC_GetCmdResp7
                0x0800cc30       0x9c ./Drivers/STM32F4xx_HAL_Driver/Src/stm32f4xx_ll_sdmmc.o
                0x0800cc30                SDMMC_GetCmdResp7
 .text.SDMMC_GetCmdError
                0x0800cccc       0x58 ./Drivers/STM32F4xx_HAL_Driver/Src/stm32f4xx_ll_sdmmc.o
 .text.MX_FATFS_Init
                0x0800cd24       0x24 ./FATFS/App/fatfs.o
                0x0800cd24                MX_FATFS_Init
 .text.get_fattime
                0x0800cd48       0x10 ./FATFS/App/fatfs.o
                0x0800cd48                get_fattime
 .text.BSP_SD_Init
                0x0800cd58       0x4c ./FATFS/Target/bsp_driver_sd.o
                0x0800cd58                BSP_SD_Init
 .text.BSP_SD_ReadBlocks_DMA
                0x0800cda4       0x34 ./FATFS/Target/bsp_driver_sd.o
                0x0800cda4                BSP_SD_ReadBlocks_DMA
 .text.BSP_SD_WriteBlocks_DMA
                0x0800cdd8       0x34 ./FATFS/Target/bsp_driver_sd.o
                0x0800cdd8                BSP_SD_WriteBlocks_DMA
 .text.BSP_SD_GetCardState
                0x0800ce0c       0x20 ./FATFS/Target/bsp_driver_sd.o
                0x0800ce0c                BSP_SD_GetCardState
 .text.BSP_SD_GetCardInfo
                0x0800ce2c       0x1c ./FATFS/Target/bsp_driver_sd.o
                0x0800ce2c                BSP_SD_GetCardInfo
 .text.HAL_SD_RxCpltCallback
                0x0800ce48       0x14 ./FATFS/Target/bsp_driver_sd.o
                0x0800ce48                HAL_SD_RxCpltCallback
 .text.BSP_SD_IsDetected
                0x0800ce5c       0x1a ./FATFS/Target/bsp_driver_sd.o
                0x0800ce5c                BSP_SD_IsDetected
 .text.SD_CheckStatusWithTimeout
                0x0800ce76       0x3a ./FATFS/Target/sd_diskio.o
 .text.SD_CheckStatus
                0x0800ceb0       0x3c ./FATFS/Target/sd_diskio.o
 .text.SD_initialize
                0x0800ceec       0x98 ./FATFS/Target/sd_diskio.o
                0x0800ceec                SD_initialize
 .text.SD_status
                0x0800cf84       0x1c ./FATFS/Target/sd_diskio.o
                0x0800cf84                SD_status
 .text.SD_read  0x0800cfa0       0x9c ./FATFS/Target/sd_diskio.o
                0x0800cfa0                SD_read
 .text.SD_write
                0x0800d03c       0x94 ./FATFS/Target/sd_diskio.o
                0x0800d03c                SD_write
 .text.SD_ioctl
                0x0800d0d0       0xb0 ./FATFS/Target/sd_diskio.o
                0x0800d0d0                SD_ioctl
 .text.BSP_SD_ReadCpltCallback
                0x0800d180       0x1c ./FATFS/Target/sd_diskio.o
                0x0800d180                BSP_SD_ReadCpltCallback
 .text.disk_status
                0x0800d19c       0x34 ./Middlewares/Third_Party/FatFs/src/diskio.o
                0x0800d19c                disk_status
 .text.disk_initialize
                0x0800d1d0       0x50 ./Middlewares/Third_Party/FatFs/src/diskio.o
                0x0800d1d0                disk_initialize
 .text.disk_read
                0x0800d220       0x40 ./Middlewares/Third_Party/FatFs/src/diskio.o
                0x0800d220                disk_read
 .text.disk_write
                0x0800d260       0x40 ./Middlewares/Third_Party/FatFs/src/diskio.o
                0x0800d260                disk_write
 .text.disk_ioctl
                0x0800d2a0       0x3c ./Middlewares/Third_Party/FatFs/src/diskio.o
                0x0800d2a0                disk_ioctl
 .text.ld_word  0x0800d2dc       0x32 ./Middlewares/Third_Party/FatFs/src/ff.o
 .text.ld_dword
                0x0800d30e       0x46 ./Middlewares/Third_Party/FatFs/src/ff.o
 .text.st_word  0x0800d354       0x36 ./Middlewares/Third_Party/FatFs/src/ff.o
 .text.st_dword
                0x0800d38a       0x58 ./Middlewares/Third_Party/FatFs/src/ff.o
 .text.mem_cpy  0x0800d3e2       0x42 ./Middlewares/Third_Party/FatFs/src/ff.o
 .text.mem_set  0x0800d424       0x36 ./Middlewares/Third_Party/FatFs/src/ff.o
 .text.mem_cmp  0x0800d45a       0x4e ./Middlewares/Third_Party/FatFs/src/ff.o
 .text.chk_chr  0x0800d4a8       0x36 ./Middlewares/Third_Party/FatFs/src/ff.o
 .text.lock_fs  0x0800d4de       0x2c ./Middlewares/Third_Party/FatFs/src/ff.o
 .text.unlock_fs
                0x0800d50a       0x36 ./Middlewares/Third_Party/FatFs/src/ff.o
 .text.chk_lock
                0x0800d540       0xb8 ./Middlewares/Third_Party/FatFs/src/ff.o
 .text.enq_lock
                0x0800d5f8       0x44 ./Middlewares/Third_Party/FatFs/src/ff.o
 .text.inc_lock
                0x0800d63c      0x11c ./Middlewares/Third_Party/FatFs/src/ff.o
 .text.dec_lock
                0x0800d758       0x78 ./Middlewares/Third_Party/FatFs/src/ff.o
 .text.clear_lock
                0x0800d7d0       0x48 ./Middlewares/Third_Party/FatFs/src/ff.o
 .text.sync_window
                0x0800d818       0x88 ./Middlewares/Third_Party/FatFs/src/ff.o
 .text.move_window
                0x0800d8a0       0x5a ./Middlewares/Third_Party/FatFs/src/ff.o
 *fill*         0x0800d8fa        0x2 
 .text.sync_fs  0x0800d8fc       0xdc ./Middlewares/Third_Party/FatFs/src/ff.o
 .text.clust2sect
                0x0800d9d8       0x3e ./Middlewares/Third_Party/FatFs/src/ff.o
 .text.get_fat  0x0800da16      0x14e ./Middlewares/Third_Party/FatFs/src/ff.o
 .text.put_fat  0x0800db64      0x1d4 ./Middlewares/Third_Party/FatFs/src/ff.o
 .text.remove_chain
                0x0800dd38       0xca ./Middlewares/Third_Party/FatFs/src/ff.o
 .text.create_chain
                0x0800de02      0x130 ./Middlewares/Third_Party/FatFs/src/ff.o
 .text.clmt_clust
                0x0800df32       0x68 ./Middlewares/Third_Party/FatFs/src/ff.o
 .text.dir_sdi  0x0800df9a       0xf6 ./Middlewares/Third_Party/FatFs/src/ff.o
 .text.dir_next
                0x0800e090      0x18a ./Middlewares/Third_Party/FatFs/src/ff.o
 .text.dir_alloc
                0x0800e21a       0x8e ./Middlewares/Third_Party/FatFs/src/ff.o
 .text.ld_clust
                0x0800e2a8       0x3e ./Middlewares/Third_Party/FatFs/src/ff.o
 .text.st_clust
                0x0800e2e6       0x40 ./Middlewares/Third_Party/FatFs/src/ff.o
 .text.dir_find
                0x0800e326       0xaa ./Middlewares/Third_Party/FatFs/src/ff.o
 .text.dir_register
                0x0800e3d0       0x64 ./Middlewares/Third_Party/FatFs/src/ff.o
 .text.create_name
                0x0800e434      0x128 ./Middlewares/Third_Party/FatFs/src/ff.o
 .text.follow_path
                0x0800e55c       0xe2 ./Middlewares/Third_Party/FatFs/src/ff.o
 .text.get_ldnumber
                0x0800e63e       0x88 ./Middlewares/Third_Party/FatFs/src/ff.o
 *fill*         0x0800e6c6        0x2 
 .text.check_fs
                0x0800e6c8       0xac ./Middlewares/Third_Party/FatFs/src/ff.o
 .text.find_volume
                0x0800e774      0x4a8 ./Middlewares/Third_Party/FatFs/src/ff.o
 .text.validate
                0x0800ec1c       0x8e ./Middlewares/Third_Party/FatFs/src/ff.o
 *fill*         0x0800ecaa        0x2 
 .text.f_mount  0x0800ecac       0xc8 ./Middlewares/Third_Party/FatFs/src/ff.o
                0x0800ecac                f_mount
 .text.f_open   0x0800ed74      0x382 ./Middlewares/Third_Party/FatFs/src/ff.o
                0x0800ed74                f_open
 .text.f_read   0x0800f0f6      0x2dc ./Middlewares/Third_Party/FatFs/src/ff.o
                0x0800f0f6                f_read
 .text.f_sync   0x0800f3d2      0x112 ./Middlewares/Third_Party/FatFs/src/ff.o
                0x0800f3d2                f_sync
 .text.f_close  0x0800f4e4       0x5e ./Middlewares/Third_Party/FatFs/src/ff.o
                0x0800f4e4                f_close
 .text.f_lseek  0x0800f542      0x4a6 ./Middlewares/Third_Party/FatFs/src/ff.o
                0x0800f542                f_lseek
 .text.FATFS_LinkDriverEx
                0x0800f9e8       0x98 ./Middlewares/Third_Party/FatFs/src/ff_gen_drv.o
                0x0800f9e8                FATFS_LinkDriverEx
 .text.FATFS_LinkDriver
                0x0800fa80       0x1e ./Middlewares/Third_Party/FatFs/src/ff_gen_drv.o
                0x0800fa80                FATFS_LinkDriver
 .text.ff_cre_syncobj
                0x0800fa9e       0x40 ./Middlewares/Third_Party/FatFs/src/option/syscall.o
                0x0800fa9e                ff_cre_syncobj
 .text.ff_del_syncobj
                0x0800fade       0x18 ./Middlewares/Third_Party/FatFs/src/option/syscall.o
                0x0800fade                ff_del_syncobj
 .text.ff_req_grant
                0x0800faf6       0x2a ./Middlewares/Third_Party/FatFs/src/option/syscall.o
                0x0800faf6                ff_req_grant
 .text.ff_rel_grant
                0x0800fb20       0x16 ./Middlewares/Third_Party/FatFs/src/option/syscall.o
                0x0800fb20                ff_rel_grant
 .text.makeFreeRtosPriority
                0x0800fb36       0x30 ./Middlewares/Third_Party/FreeRTOS/Source/CMSIS_RTOS/cmsis_os.o
 .text.inHandlerMode
                0x0800fb66       0x24 ./Middlewares/Third_Party/FreeRTOS/Source/CMSIS_RTOS/cmsis_os.o
 .text.osKernelStart
                0x0800fb8a        0xe ./Middlewares/Third_Party/FreeRTOS/Source/CMSIS_RTOS/cmsis_os.o
                0x0800fb8a                osKernelStart
 .text.osKernelRunning
                0x0800fb98       0x18 ./Middlewares/Third_Party/FreeRTOS/Source/CMSIS_RTOS/cmsis_os.o
                0x0800fb98                osKernelRunning
 .text.osKernelSysTick
                0x0800fbb0       0x20 ./Middlewares/Third_Party/FreeRTOS/Source/CMSIS_RTOS/cmsis_os.o
                0x0800fbb0                osKernelSysTick
 .text.osThreadCreate
                0x0800fbd0       0x98 ./Middlewares/Third_Party/FreeRTOS/Source/CMSIS_RTOS/cmsis_os.o
                0x0800fbd0                osThreadCreate
 .text.osDelay  0x0800fc68       0x28 ./Middlewares/Third_Party/FreeRTOS/Source/CMSIS_RTOS/cmsis_os.o
                0x0800fc68                osDelay
 .text.osMutexCreate
                0x0800fc90       0x30 ./Middlewares/Third_Party/FreeRTOS/Source/CMSIS_RTOS/cmsis_os.o
                0x0800fc90                osMutexCreate
 .text.osMutexWait
                0x0800fcc0       0x9c ./Middlewares/Third_Party/FreeRTOS/Source/CMSIS_RTOS/cmsis_os.o
                0x0800fcc0                osMutexWait
 .text.osMutexRelease
                0x0800fd5c       0x6c ./Middlewares/Third_Party/FreeRTOS/Source/CMSIS_RTOS/cmsis_os.o
                0x0800fd5c                osMutexRelease
 .text.osSemaphoreCreate
                0x0800fdc8       0x64 ./Middlewares/Third_Party/FreeRTOS/Source/CMSIS_RTOS/cmsis_os.o
                0x0800fdc8                osSemaphoreCreate
 .text.osSemaphoreWait
                0x0800fe2c       0x9c ./Middlewares/Third_Party/FreeRTOS/Source/CMSIS_RTOS/cmsis_os.o
                0x0800fe2c                osSemaphoreWait
 .text.osSemaphoreRelease
                0x0800fec8       0x6c ./Middlewares/Third_Party/FreeRTOS/Source/CMSIS_RTOS/cmsis_os.o
                0x0800fec8                osSemaphoreRelease
 .text.osSemaphoreDelete
                0x0800ff34       0x26 ./Middlewares/Third_Party/FreeRTOS/Source/CMSIS_RTOS/cmsis_os.o
                0x0800ff34                osSemaphoreDelete
 .text.osMessageCreate
                0x0800ff5a       0x50 ./Middlewares/Third_Party/FreeRTOS/Source/CMSIS_RTOS/cmsis_os.o
                0x0800ff5a                osMessageCreate
 *fill*         0x0800ffaa        0x2 
 .text.osMessagePut
                0x0800ffac       0x80 ./Middlewares/Third_Party/FreeRTOS/Source/CMSIS_RTOS/cmsis_os.o
                0x0800ffac                osMessagePut
 .text.osMessageGet
                0x0801002c       0xe8 ./Middlewares/Third_Party/FreeRTOS/Source/CMSIS_RTOS/cmsis_os.o
                0x0801002c                osMessageGet
 .text.vListInitialise
                0x08010114       0x40 ./Middlewares/Third_Party/FreeRTOS/Source/list.o
                0x08010114                vListInitialise
 .text.vListInitialiseItem
                0x08010154       0x1a ./Middlewares/Third_Party/FreeRTOS/Source/list.o
                0x08010154                vListInitialiseItem
 .text.vListInsertEnd
                0x0801016e       0x48 ./Middlewares/Third_Party/FreeRTOS/Source/list.o
                0x0801016e                vListInsertEnd
 .text.vListInsert
                0x080101b6       0x72 ./Middlewares/Third_Party/FreeRTOS/Source/list.o
                0x080101b6                vListInsert
 .text.uxListRemove
                0x08010228       0x54 ./Middlewares/Third_Party/FreeRTOS/Source/list.o
                0x08010228                uxListRemove
 .text.xQueueGenericReset
                0x0801027c       0xd4 ./Middlewares/Third_Party/FreeRTOS/Source/queue.o
                0x0801027c                xQueueGenericReset
 .text.xQueueGenericCreateStatic
                0x08010350       0xfa ./Middlewares/Third_Party/FreeRTOS/Source/queue.o
                0x08010350                xQueueGenericCreateStatic
 .text.xQueueGenericCreate
                0x0801044a       0x76 ./Middlewares/Third_Party/FreeRTOS/Source/queue.o
                0x0801044a                xQueueGenericCreate
 .text.prvInitialiseNewQueue
                0x080104c0       0x3e ./Middlewares/Third_Party/FreeRTOS/Source/queue.o
 .text.prvInitialiseMutex
                0x080104fe       0x34 ./Middlewares/Third_Party/FreeRTOS/Source/queue.o
 .text.xQueueCreateMutex
                0x08010532       0x30 ./Middlewares/Third_Party/FreeRTOS/Source/queue.o
                0x08010532                xQueueCreateMutex
 .text.xQueueCreateMutexStatic
                0x08010562       0x36 ./Middlewares/Third_Party/FreeRTOS/Source/queue.o
                0x08010562                xQueueCreateMutexStatic
 .text.xQueueGenericSend
                0x08010598      0x204 ./Middlewares/Third_Party/FreeRTOS/Source/queue.o
                0x08010598                xQueueGenericSend
 .text.xQueueGenericSendFromISR
                0x0801079c      0x13c ./Middlewares/Third_Party/FreeRTOS/Source/queue.o
                0x0801079c                xQueueGenericSendFromISR
 .text.xQueueGiveFromISR
                0x080108d8      0x120 ./Middlewares/Third_Party/FreeRTOS/Source/queue.o
                0x080108d8                xQueueGiveFromISR
 .text.xQueueReceive
                0x080109f8      0x1c4 ./Middlewares/Third_Party/FreeRTOS/Source/queue.o
                0x080109f8                xQueueReceive
 .text.xQueueSemaphoreTake
                0x08010bbc      0x220 ./Middlewares/Third_Party/FreeRTOS/Source/queue.o
                0x08010bbc                xQueueSemaphoreTake
 .text.xQueueReceiveFromISR
                0x08010ddc      0x104 ./Middlewares/Third_Party/FreeRTOS/Source/queue.o
                0x08010ddc                xQueueReceiveFromISR
 .text.vQueueDelete
                0x08010ee0       0x48 ./Middlewares/Third_Party/FreeRTOS/Source/queue.o
                0x08010ee0                vQueueDelete
 .text.prvGetDisinheritPriorityAfterTimeout
                0x08010f28       0x30 ./Middlewares/Third_Party/FreeRTOS/Source/queue.o
 .text.prvCopyDataToQueue
                0x08010f58       0xd4 ./Middlewares/Third_Party/FreeRTOS/Source/queue.o
 .text.prvCopyDataFromQueue
                0x0801102c       0x4c ./Middlewares/Third_Party/FreeRTOS/Source/queue.o
 .text.prvUnlockQueue
                0x08011078       0xa4 ./Middlewares/Third_Party/FreeRTOS/Source/queue.o
 .text.prvIsQueueEmpty
                0x0801111c       0x2c ./Middlewares/Third_Party/FreeRTOS/Source/queue.o
 .text.prvIsQueueFull
                0x08011148       0x30 ./Middlewares/Third_Party/FreeRTOS/Source/queue.o
 .text.vQueueUnregisterQueue
                0x08011178       0x54 ./Middlewares/Third_Party/FreeRTOS/Source/queue.o
                0x08011178                vQueueUnregisterQueue
 .text.xTaskCreateStatic
                0x080111cc       0xc0 ./Middlewares/Third_Party/FreeRTOS/Source/tasks.o
                0x080111cc                xTaskCreateStatic
 .text.xTaskCreate
                0x0801128c       0x8a ./Middlewares/Third_Party/FreeRTOS/Source/tasks.o
                0x0801128c                xTaskCreate
 .text.prvInitialiseNewTask
                0x08011316      0x110 ./Middlewares/Third_Party/FreeRTOS/Source/tasks.o
 *fill*         0x08011426        0x2 
 .text.prvAddNewTaskToReadyList
                0x08011428       0xd4 ./Middlewares/Third_Party/FreeRTOS/Source/tasks.o
 .text.vTaskDelay
                0x080114fc       0x6c ./Middlewares/Third_Party/FreeRTOS/Source/tasks.o
                0x080114fc                vTaskDelay
 .text.vTaskStartScheduler
                0x08011568       0xc4 ./Middlewares/Third_Party/FreeRTOS/Source/tasks.o
                0x08011568                vTaskStartScheduler
 .text.vTaskSuspendAll
                0x0801162c       0x1c ./Middlewares/Third_Party/FreeRTOS/Source/tasks.o
                0x0801162c                vTaskSuspendAll
 .text.xTaskResumeAll
                0x08011648      0x13c ./Middlewares/Third_Party/FreeRTOS/Source/tasks.o
                0x08011648                xTaskResumeAll
 .text.xTaskGetTickCount
                0x08011784       0x20 ./Middlewares/Third_Party/FreeRTOS/Source/tasks.o
                0x08011784                xTaskGetTickCount
 .text.xTaskGetTickCountFromISR
                0x080117a4       0x24 ./Middlewares/Third_Party/FreeRTOS/Source/tasks.o
                0x080117a4                xTaskGetTickCountFromISR
 .text.xTaskIncrementTick
                0x080117c8      0x174 ./Middlewares/Third_Party/FreeRTOS/Source/tasks.o
                0x080117c8                xTaskIncrementTick
 .text.vTaskSwitchContext
                0x0801193c       0xb8 ./Middlewares/Third_Party/FreeRTOS/Source/tasks.o
                0x0801193c                vTaskSwitchContext
 .text.vTaskPlaceOnEventList
                0x080119f4       0x4c ./Middlewares/Third_Party/FreeRTOS/Source/tasks.o
                0x080119f4                vTaskPlaceOnEventList
 .text.xTaskRemoveFromEventList
                0x08011a40       0xc8 ./Middlewares/Third_Party/FreeRTOS/Source/tasks.o
                0x08011a40                xTaskRemoveFromEventList
 .text.vTaskInternalSetTimeOutState
                0x08011b08       0x2c ./Middlewares/Third_Party/FreeRTOS/Source/tasks.o
                0x08011b08                vTaskInternalSetTimeOutState
 .text.xTaskCheckForTimeOut
                0x08011b34       0xc8 ./Middlewares/Third_Party/FreeRTOS/Source/tasks.o
                0x08011b34                xTaskCheckForTimeOut
 .text.vTaskMissedYield
                0x08011bfc       0x18 ./Middlewares/Third_Party/FreeRTOS/Source/tasks.o
                0x08011bfc                vTaskMissedYield
 .text.prvIdleTask
                0x08011c14       0x30 ./Middlewares/Third_Party/FreeRTOS/Source/tasks.o
 .text.prvInitialiseTaskLists
                0x08011c44       0x80 ./Middlewares/Third_Party/FreeRTOS/Source/tasks.o
 .text.prvCheckTasksWaitingTermination
                0x08011cc4       0x5c ./Middlewares/Third_Party/FreeRTOS/Source/tasks.o
 .text.prvDeleteTCB
                0x08011d20       0x60 ./Middlewares/Third_Party/FreeRTOS/Source/tasks.o
 .text.prvResetNextTaskUnblockTime
                0x08011d80       0x40 ./Middlewares/Third_Party/FreeRTOS/Source/tasks.o
 .text.xTaskGetSchedulerState
                0x08011dc0       0x3c ./Middlewares/Third_Party/FreeRTOS/Source/tasks.o
                0x08011dc0                xTaskGetSchedulerState
 .text.xTaskPriorityInherit
                0x08011dfc       0xec ./Middlewares/Third_Party/FreeRTOS/Source/tasks.o
                0x08011dfc                xTaskPriorityInherit
 .text.xTaskPriorityDisinherit
                0x08011ee8      0x110 ./Middlewares/Third_Party/FreeRTOS/Source/tasks.o
                0x08011ee8                xTaskPriorityDisinherit
 .text.vTaskPriorityDisinheritAfterTimeout
                0x08011ff8      0x120 ./Middlewares/Third_Party/FreeRTOS/Source/tasks.o
                0x08011ff8                vTaskPriorityDisinheritAfterTimeout
 .text.pvTaskIncrementMutexHeldCount
                0x08012118       0x28 ./Middlewares/Third_Party/FreeRTOS/Source/tasks.o
                0x08012118                pvTaskIncrementMutexHeldCount
 .text.prvAddCurrentTaskToDelayedList
                0x08012140       0xcc ./Middlewares/Third_Party/FreeRTOS/Source/tasks.o
 .text.pxPortInitialiseStack
                0x0801220c       0x68 ./Middlewares/Third_Party/FreeRTOS/Source/portable/GCC/ARM_CM4F/port.o
                0x0801220c                pxPortInitialiseStack
 .text.prvTaskExitError
                0x08012274       0x5c ./Middlewares/Third_Party/FreeRTOS/Source/portable/GCC/ARM_CM4F/port.o
 .text.SVC_Handler
                0x080122d0       0x28 ./Middlewares/Third_Party/FreeRTOS/Source/portable/GCC/ARM_CM4F/port.o
                0x080122d0                SVC_Handler
 .text.prvPortStartFirstTask
                0x080122f8       0x28 ./Middlewares/Third_Party/FreeRTOS/Source/portable/GCC/ARM_CM4F/port.o
 .text.xPortStartScheduler
                0x08012320      0x148 ./Middlewares/Third_Party/FreeRTOS/Source/portable/GCC/ARM_CM4F/port.o
                0x08012320                xPortStartScheduler
 .text.vPortEnterCritical
                0x08012468       0x64 ./Middlewares/Third_Party/FreeRTOS/Source/portable/GCC/ARM_CM4F/port.o
                0x08012468                vPortEnterCritical
 .text.vPortExitCritical
                0x080124cc       0x54 ./Middlewares/Third_Party/FreeRTOS/Source/portable/GCC/ARM_CM4F/port.o
                0x080124cc                vPortExitCritical
 .text.PendSV_Handler
                0x08012520       0x68 ./Middlewares/Third_Party/FreeRTOS/Source/portable/GCC/ARM_CM4F/port.o
                0x08012520                PendSV_Handler
 .text.SysTick_Handler
                0x08012588       0x44 ./Middlewares/Third_Party/FreeRTOS/Source/portable/GCC/ARM_CM4F/port.o
                0x08012588                SysTick_Handler
 .text.vPortSetupTimerInterrupt
                0x080125cc       0x48 ./Middlewares/Third_Party/FreeRTOS/Source/portable/GCC/ARM_CM4F/port.o
                0x080125cc                vPortSetupTimerInterrupt
 .text.vPortEnableVFP
                0x08012614       0x14 ./Middlewares/Third_Party/FreeRTOS/Source/portable/GCC/ARM_CM4F/port.o
 .text.vPortValidateInterruptPriority
                0x08012628       0x84 ./Middlewares/Third_Party/FreeRTOS/Source/portable/GCC/ARM_CM4F/port.o
                0x08012628                vPortValidateInterruptPriority
 .text.pvPortMalloc
                0x080126ac      0x19c ./Middlewares/Third_Party/FreeRTOS/Source/portable/MemMang/heap_4.o
                0x080126ac                pvPortMalloc
 .text.vPortFree
                0x08012848       0xc8 ./Middlewares/Third_Party/FreeRTOS/Source/portable/MemMang/heap_4.o
                0x08012848                vPortFree
 .text.prvHeapInit
                0x08012910       0xc4 ./Middlewares/Third_Party/FreeRTOS/Source/portable/MemMang/heap_4.o
 .text.prvInsertBlockIntoFreeList
                0x080129d4       0xb4 ./Middlewares/Third_Party/FreeRTOS/Source/portable/MemMang/heap_4.o
 .text.srand    0x08012a88       0x5c C:/ST/STM32CubeIDE_1.14.1/STM32CubeIDE/plugins/com.st.stm32cube.ide.mcu.externaltools.gnu-tools-for-stm32.13.3.rel1.win32_1.0.0.202411081344/tools/bin/../lib/gcc/arm-none-eabi/13.3.1/../../../../arm-none-eabi/lib/thumb/v7e-m+fp/hard\libc_nano.a(libc_a-rand.o)
                0x08012a88                srand
 .text.rand     0x08012ae4       0x7c C:/ST/STM32CubeIDE_1.14.1/STM32CubeIDE/plugins/com.st.stm32cube.ide.mcu.externaltools.gnu-tools-for-stm32.13.3.rel1.win32_1.0.0.202411081344/tools/bin/../lib/gcc/arm-none-eabi/13.3.1/../../../../arm-none-eabi/lib/thumb/v7e-m+fp/hard\libc_nano.a(libc_a-rand.o)
                0x08012ae4                rand
 .text.std      0x08012b60       0x6c C:/ST/STM32CubeIDE_1.14.1/STM32CubeIDE/plugins/com.st.stm32cube.ide.mcu.externaltools.gnu-tools-for-stm32.13.3.rel1.win32_1.0.0.202411081344/tools/bin/../lib/gcc/arm-none-eabi/13.3.1/../../../../arm-none-eabi/lib/thumb/v7e-m+fp/hard\libc_nano.a(libc_a-findfp.o)
 .text.stdio_exit_handler
                0x08012bcc       0x18 C:/ST/STM32CubeIDE_1.14.1/STM32CubeIDE/plugins/com.st.stm32cube.ide.mcu.externaltools.gnu-tools-for-stm32.13.3.rel1.win32_1.0.0.202411081344/tools/bin/../lib/gcc/arm-none-eabi/13.3.1/../../../../arm-none-eabi/lib/thumb/v7e-m+fp/hard\libc_nano.a(libc_a-findfp.o)
 .text.cleanup_stdio
                0x08012be4       0x40 C:/ST/STM32CubeIDE_1.14.1/STM32CubeIDE/plugins/com.st.stm32cube.ide.mcu.externaltools.gnu-tools-for-stm32.13.3.rel1.win32_1.0.0.202411081344/tools/bin/../lib/gcc/arm-none-eabi/13.3.1/../../../../arm-none-eabi/lib/thumb/v7e-m+fp/hard\libc_nano.a(libc_a-findfp.o)
 .text.global_stdio_init.part.0
                0x08012c24       0x3c C:/ST/STM32CubeIDE_1.14.1/STM32CubeIDE/plugins/com.st.stm32cube.ide.mcu.externaltools.gnu-tools-for-stm32.13.3.rel1.win32_1.0.0.202411081344/tools/bin/../lib/gcc/arm-none-eabi/13.3.1/../../../../arm-none-eabi/lib/thumb/v7e-m+fp/hard\libc_nano.a(libc_a-findfp.o)
 .text.__sfp_lock_acquire
                0x08012c60        0xc C:/ST/STM32CubeIDE_1.14.1/STM32CubeIDE/plugins/com.st.stm32cube.ide.mcu.externaltools.gnu-tools-for-stm32.13.3.rel1.win32_1.0.0.202411081344/tools/bin/../lib/gcc/arm-none-eabi/13.3.1/../../../../arm-none-eabi/lib/thumb/v7e-m+fp/hard\libc_nano.a(libc_a-findfp.o)
                0x08012c60                __sfp_lock_acquire
 .text.__sfp_lock_release
                0x08012c6c        0xc C:/ST/STM32CubeIDE_1.14.1/STM32CubeIDE/plugins/com.st.stm32cube.ide.mcu.externaltools.gnu-tools-for-stm32.13.3.rel1.win32_1.0.0.202411081344/tools/bin/../lib/gcc/arm-none-eabi/13.3.1/../../../../arm-none-eabi/lib/thumb/v7e-m+fp/hard\libc_nano.a(libc_a-findfp.o)
                0x08012c6c                __sfp_lock_release
 .text.__sinit  0x08012c78       0x30 C:/ST/STM32CubeIDE_1.14.1/STM32CubeIDE/plugins/com.st.stm32cube.ide.mcu.externaltools.gnu-tools-for-stm32.13.3.rel1.win32_1.0.0.202411081344/tools/bin/../lib/gcc/arm-none-eabi/13.3.1/../../../../arm-none-eabi/lib/thumb/v7e-m+fp/hard\libc_nano.a(libc_a-findfp.o)
                0x08012c78                __sinit
 .text._fwalk_sglue
                0x08012ca8       0x3c C:/ST/STM32CubeIDE_1.14.1/STM32CubeIDE/plugins/com.st.stm32cube.ide.mcu.externaltools.gnu-tools-for-stm32.13.3.rel1.win32_1.0.0.202411081344/tools/bin/../lib/gcc/arm-none-eabi/13.3.1/../../../../arm-none-eabi/lib/thumb/v7e-m+fp/hard\libc_nano.a(libc_a-fwalk.o)
                0x08012ca8                _fwalk_sglue
 .text.sprintf  0x08012ce4       0x44 C:/ST/STM32CubeIDE_1.14.1/STM32CubeIDE/plugins/com.st.stm32cube.ide.mcu.externaltools.gnu-tools-for-stm32.13.3.rel1.win32_1.0.0.202411081344/tools/bin/../lib/gcc/arm-none-eabi/13.3.1/../../../../arm-none-eabi/lib/thumb/v7e-m+fp/hard\libc_nano.a(libc_a-sprintf.o)
                0x08012ce4                siprintf
                0x08012ce4                sprintf
 .text.__sread  0x08012d28       0x22 C:/ST/STM32CubeIDE_1.14.1/STM32CubeIDE/plugins/com.st.stm32cube.ide.mcu.externaltools.gnu-tools-for-stm32.13.3.rel1.win32_1.0.0.202411081344/tools/bin/../lib/gcc/arm-none-eabi/13.3.1/../../../../arm-none-eabi/lib/thumb/v7e-m+fp/hard\libc_nano.a(libc_a-stdio.o)
                0x08012d28                __sread
 .text.__swrite
                0x08012d4a       0x38 C:/ST/STM32CubeIDE_1.14.1/STM32CubeIDE/plugins/com.st.stm32cube.ide.mcu.externaltools.gnu-tools-for-stm32.13.3.rel1.win32_1.0.0.202411081344/tools/bin/../lib/gcc/arm-none-eabi/13.3.1/../../../../arm-none-eabi/lib/thumb/v7e-m+fp/hard\libc_nano.a(libc_a-stdio.o)
                0x08012d4a                __swrite
 .text.__sseek  0x08012d82       0x24 C:/ST/STM32CubeIDE_1.14.1/STM32CubeIDE/plugins/com.st.stm32cube.ide.mcu.externaltools.gnu-tools-for-stm32.13.3.rel1.win32_1.0.0.202411081344/tools/bin/../lib/gcc/arm-none-eabi/13.3.1/../../../../arm-none-eabi/lib/thumb/v7e-m+fp/hard\libc_nano.a(libc_a-stdio.o)
                0x08012d82                __sseek
 .text.__sclose
                0x08012da6        0x8 C:/ST/STM32CubeIDE_1.14.1/STM32CubeIDE/plugins/com.st.stm32cube.ide.mcu.externaltools.gnu-tools-for-stm32.13.3.rel1.win32_1.0.0.202411081344/tools/bin/../lib/gcc/arm-none-eabi/13.3.1/../../../../arm-none-eabi/lib/thumb/v7e-m+fp/hard\libc_nano.a(libc_a-stdio.o)
                0x08012da6                __sclose
 .text.memset   0x08012dae       0x10 C:/ST/STM32CubeIDE_1.14.1/STM32CubeIDE/plugins/com.st.stm32cube.ide.mcu.externaltools.gnu-tools-for-stm32.13.3.rel1.win32_1.0.0.202411081344/tools/bin/../lib/gcc/arm-none-eabi/13.3.1/../../../../arm-none-eabi/lib/thumb/v7e-m+fp/hard\libc_nano.a(libc_a-memset.o)
                0x08012dae                memset
 *fill*         0x08012dbe        0x2 
 .text._close_r
                0x08012dc0       0x20 C:/ST/STM32CubeIDE_1.14.1/STM32CubeIDE/plugins/com.st.stm32cube.ide.mcu.externaltools.gnu-tools-for-stm32.13.3.rel1.win32_1.0.0.202411081344/tools/bin/../lib/gcc/arm-none-eabi/13.3.1/../../../../arm-none-eabi/lib/thumb/v7e-m+fp/hard\libc_nano.a(libc_a-closer.o)
                0x08012dc0                _close_r
 .text._lseek_r
                0x08012de0       0x24 C:/ST/STM32CubeIDE_1.14.1/STM32CubeIDE/plugins/com.st.stm32cube.ide.mcu.externaltools.gnu-tools-for-stm32.13.3.rel1.win32_1.0.0.202411081344/tools/bin/../lib/gcc/arm-none-eabi/13.3.1/../../../../arm-none-eabi/lib/thumb/v7e-m+fp/hard\libc_nano.a(libc_a-lseekr.o)
                0x08012de0                _lseek_r
 .text._read_r  0x08012e04       0x24 C:/ST/STM32CubeIDE_1.14.1/STM32CubeIDE/plugins/com.st.stm32cube.ide.mcu.externaltools.gnu-tools-for-stm32.13.3.rel1.win32_1.0.0.202411081344/tools/bin/../lib/gcc/arm-none-eabi/13.3.1/../../../../arm-none-eabi/lib/thumb/v7e-m+fp/hard\libc_nano.a(libc_a-readr.o)
                0x08012e04                _read_r
 .text._write_r
                0x08012e28       0x24 C:/ST/STM32CubeIDE_1.14.1/STM32CubeIDE/plugins/com.st.stm32cube.ide.mcu.externaltools.gnu-tools-for-stm32.13.3.rel1.win32_1.0.0.202411081344/tools/bin/../lib/gcc/arm-none-eabi/13.3.1/../../../../arm-none-eabi/lib/thumb/v7e-m+fp/hard\libc_nano.a(libc_a-writer.o)
                0x08012e28                _write_r
 .text.__errno  0x08012e4c        0xc C:/ST/STM32CubeIDE_1.14.1/STM32CubeIDE/plugins/com.st.stm32cube.ide.mcu.externaltools.gnu-tools-for-stm32.13.3.rel1.win32_1.0.0.202411081344/tools/bin/../lib/gcc/arm-none-eabi/13.3.1/../../../../arm-none-eabi/lib/thumb/v7e-m+fp/hard\libc_nano.a(libc_a-errno.o)
                0x08012e4c                __errno
 .text.__libc_init_array
                0x08012e58       0x48 C:/ST/STM32CubeIDE_1.14.1/STM32CubeIDE/plugins/com.st.stm32cube.ide.mcu.externaltools.gnu-tools-for-stm32.13.3.rel1.win32_1.0.0.202411081344/tools/bin/../lib/gcc/arm-none-eabi/13.3.1/../../../../arm-none-eabi/lib/thumb/v7e-m+fp/hard\libc_nano.a(libc_a-init.o)
                0x08012e58                __libc_init_array
 .text.__retarget_lock_init_recursive
                0x08012ea0        0x2 C:/ST/STM32CubeIDE_1.14.1/STM32CubeIDE/plugins/com.st.stm32cube.ide.mcu.externaltools.gnu-tools-for-stm32.13.3.rel1.win32_1.0.0.202411081344/tools/bin/../lib/gcc/arm-none-eabi/13.3.1/../../../../arm-none-eabi/lib/thumb/v7e-m+fp/hard\libc_nano.a(libc_a-lock.o)
                0x08012ea0                __retarget_lock_init_recursive
 .text.__retarget_lock_acquire_recursive
                0x08012ea2        0x2 C:/ST/STM32CubeIDE_1.14.1/STM32CubeIDE/plugins/com.st.stm32cube.ide.mcu.externaltools.gnu-tools-for-stm32.13.3.rel1.win32_1.0.0.202411081344/tools/bin/../lib/gcc/arm-none-eabi/13.3.1/../../../../arm-none-eabi/lib/thumb/v7e-m+fp/hard\libc_nano.a(libc_a-lock.o)
                0x08012ea2                __retarget_lock_acquire_recursive
 .text.__retarget_lock_release_recursive
                0x08012ea4        0x2 C:/ST/STM32CubeIDE_1.14.1/STM32CubeIDE/plugins/com.st.stm32cube.ide.mcu.externaltools.gnu-tools-for-stm32.13.3.rel1.win32_1.0.0.202411081344/tools/bin/../lib/gcc/arm-none-eabi/13.3.1/../../../../arm-none-eabi/lib/thumb/v7e-m+fp/hard\libc_nano.a(libc_a-lock.o)
                0x08012ea4                __retarget_lock_release_recursive
 .text.memcpy   0x08012ea6       0x1c C:/ST/STM32CubeIDE_1.14.1/STM32CubeIDE/plugins/com.st.stm32cube.ide.mcu.externaltools.gnu-tools-for-stm32.13.3.rel1.win32_1.0.0.202411081344/tools/bin/../lib/gcc/arm-none-eabi/13.3.1/../../../../arm-none-eabi/lib/thumb/v7e-m+fp/hard\libc_nano.a(libc_a-memcpy-stub.o)
                0x08012ea6                memcpy
 *fill*         0x08012ec2        0x2 
 .text.__assert_func
                0x08012ec4       0x3c C:/ST/STM32CubeIDE_1.14.1/STM32CubeIDE/plugins/com.st.stm32cube.ide.mcu.externaltools.gnu-tools-for-stm32.13.3.rel1.win32_1.0.0.202411081344/tools/bin/../lib/gcc/arm-none-eabi/13.3.1/../../../../arm-none-eabi/lib/thumb/v7e-m+fp/hard\libc_nano.a(libc_a-assert.o)
                0x08012ec4                __assert_func
 .text._free_r  0x08012f00       0x94 C:/ST/STM32CubeIDE_1.14.1/STM32CubeIDE/plugins/com.st.stm32cube.ide.mcu.externaltools.gnu-tools-for-stm32.13.3.rel1.win32_1.0.0.202411081344/tools/bin/../lib/gcc/arm-none-eabi/13.3.1/../../../../arm-none-eabi/lib/thumb/v7e-m+fp/hard\libc_nano.a(libc_a-freer.o)
                0x08012f00                _free_r
 .text.malloc   0x08012f94       0x10 C:/ST/STM32CubeIDE_1.14.1/STM32CubeIDE/plugins/com.st.stm32cube.ide.mcu.externaltools.gnu-tools-for-stm32.13.3.rel1.win32_1.0.0.202411081344/tools/bin/../lib/gcc/arm-none-eabi/13.3.1/../../../../arm-none-eabi/lib/thumb/v7e-m+fp/hard\libc_nano.a(libc_a-malloc.o)
                0x08012f94                malloc
 .text.sbrk_aligned
                0x08012fa4       0x44 C:/ST/STM32CubeIDE_1.14.1/STM32CubeIDE/plugins/com.st.stm32cube.ide.mcu.externaltools.gnu-tools-for-stm32.13.3.rel1.win32_1.0.0.202411081344/tools/bin/../lib/gcc/arm-none-eabi/13.3.1/../../../../arm-none-eabi/lib/thumb/v7e-m+fp/hard\libc_nano.a(libc_a-mallocr.o)
 .text._malloc_r
                0x08012fe8      0x100 C:/ST/STM32CubeIDE_1.14.1/STM32CubeIDE/plugins/com.st.stm32cube.ide.mcu.externaltools.gnu-tools-for-stm32.13.3.rel1.win32_1.0.0.202411081344/tools/bin/../lib/gcc/arm-none-eabi/13.3.1/../../../../arm-none-eabi/lib/thumb/v7e-m+fp/hard\libc_nano.a(libc_a-mallocr.o)
                0x08012fe8                _malloc_r
 .text.__malloc_lock
                0x080130e8        0xc C:/ST/STM32CubeIDE_1.14.1/STM32CubeIDE/plugins/com.st.stm32cube.ide.mcu.externaltools.gnu-tools-for-stm32.13.3.rel1.win32_1.0.0.202411081344/tools/bin/../lib/gcc/arm-none-eabi/13.3.1/../../../../arm-none-eabi/lib/thumb/v7e-m+fp/hard\libc_nano.a(libc_a-mlock.o)
                0x080130e8                __malloc_lock
 .text.__malloc_unlock
                0x080130f4        0xc C:/ST/STM32CubeIDE_1.14.1/STM32CubeIDE/plugins/com.st.stm32cube.ide.mcu.externaltools.gnu-tools-for-stm32.13.3.rel1.win32_1.0.0.202411081344/tools/bin/../lib/gcc/arm-none-eabi/13.3.1/../../../../arm-none-eabi/lib/thumb/v7e-m+fp/hard\libc_nano.a(libc_a-mlock.o)
                0x080130f4                __malloc_unlock
 .text.__ssputs_r
                0x08013100       0xb6 C:/ST/STM32CubeIDE_1.14.1/STM32CubeIDE/plugins/com.st.stm32cube.ide.mcu.externaltools.gnu-tools-for-stm32.13.3.rel1.win32_1.0.0.202411081344/tools/bin/../lib/gcc/arm-none-eabi/13.3.1/../../../../arm-none-eabi/lib/thumb/v7e-m+fp/hard\libc_nano.a(libc_a-nano-svfprintf.o)
                0x08013100                __ssputs_r
 *fill*         0x080131b6        0x2 
 .text._svfprintf_r
                0x080131b8      0x1f8 C:/ST/STM32CubeIDE_1.14.1/STM32CubeIDE/plugins/com.st.stm32cube.ide.mcu.externaltools.gnu-tools-for-stm32.13.3.rel1.win32_1.0.0.202411081344/tools/bin/../lib/gcc/arm-none-eabi/13.3.1/../../../../arm-none-eabi/lib/thumb/v7e-m+fp/hard\libc_nano.a(libc_a-nano-svfprintf.o)
                0x080131b8                _svfiprintf_r
                0x080131b8                _svfprintf_r
 .text._printf_common
                0x080133b0       0xda C:/ST/STM32CubeIDE_1.14.1/STM32CubeIDE/plugins/com.st.stm32cube.ide.mcu.externaltools.gnu-tools-for-stm32.13.3.rel1.win32_1.0.0.202411081344/tools/bin/../lib/gcc/arm-none-eabi/13.3.1/../../../../arm-none-eabi/lib/thumb/v7e-m+fp/hard\libc_nano.a(libc_a-nano-vfprintf_i.o)
                0x080133b0                _printf_common
 *fill*         0x0801348a        0x2 
 .text._printf_i
                0x0801348c      0x23c C:/ST/STM32CubeIDE_1.14.1/STM32CubeIDE/plugins/com.st.stm32cube.ide.mcu.externaltools.gnu-tools-for-stm32.13.3.rel1.win32_1.0.0.202411081344/tools/bin/../lib/gcc/arm-none-eabi/13.3.1/../../../../arm-none-eabi/lib/thumb/v7e-m+fp/hard\libc_nano.a(libc_a-nano-vfprintf_i.o)
                0x0801348c                _printf_i
 .text.__sflush_r
                0x080136c8      0x108 C:/ST/STM32CubeIDE_1.14.1/STM32CubeIDE/plugins/com.st.stm32cube.ide.mcu.externaltools.gnu-tools-for-stm32.13.3.rel1.win32_1.0.0.202411081344/tools/bin/../lib/gcc/arm-none-eabi/13.3.1/../../../../arm-none-eabi/lib/thumb/v7e-m+fp/hard\libc_nano.a(libc_a-fflush.o)
                0x080136c8                __sflush_r
 .text._fflush_r
                0x080137d0       0x50 C:/ST/STM32CubeIDE_1.14.1/STM32CubeIDE/plugins/com.st.stm32cube.ide.mcu.externaltools.gnu-tools-for-stm32.13.3.rel1.win32_1.0.0.202411081344/tools/bin/../lib/gcc/arm-none-eabi/13.3.1/../../../../arm-none-eabi/lib/thumb/v7e-m+fp/hard\libc_nano.a(libc_a-fflush.o)
                0x080137d0                _fflush_r
 .text.fprintf  0x08013820       0x24 C:/ST/STM32CubeIDE_1.14.1/STM32CubeIDE/plugins/com.st.stm32cube.ide.mcu.externaltools.gnu-tools-for-stm32.13.3.rel1.win32_1.0.0.202411081344/tools/bin/../lib/gcc/arm-none-eabi/13.3.1/../../../../arm-none-eabi/lib/thumb/v7e-m+fp/hard\libc_nano.a(libc_a-fprintf.o)
                0x08013820                fiprintf
                0x08013820                fprintf
 .text.memmove  0x08013844       0x34 C:/ST/STM32CubeIDE_1.14.1/STM32CubeIDE/plugins/com.st.stm32cube.ide.mcu.externaltools.gnu-tools-for-stm32.13.3.rel1.win32_1.0.0.202411081344/tools/bin/../lib/gcc/arm-none-eabi/13.3.1/../../../../arm-none-eabi/lib/thumb/v7e-m+fp/hard\libc_nano.a(libc_a-memmove.o)
                0x08013844                memmove
 .text._sbrk_r  0x08013878       0x20 C:/ST/STM32CubeIDE_1.14.1/STM32CubeIDE/plugins/com.st.stm32cube.ide.mcu.externaltools.gnu-tools-for-stm32.13.3.rel1.win32_1.0.0.202411081344/tools/bin/../lib/gcc/arm-none-eabi/13.3.1/../../../../arm-none-eabi/lib/thumb/v7e-m+fp/hard\libc_nano.a(libc_a-sbrkr.o)
                0x08013878                _sbrk_r
 .text.abort    0x08013898        0xe C:/ST/STM32CubeIDE_1.14.1/STM32CubeIDE/plugins/com.st.stm32cube.ide.mcu.externaltools.gnu-tools-for-stm32.13.3.rel1.win32_1.0.0.202411081344/tools/bin/../lib/gcc/arm-none-eabi/13.3.1/../../../../arm-none-eabi/lib/thumb/v7e-m+fp/hard\libc_nano.a(libc_a-abort.o)
                0x08013898                abort
 .text._realloc_r
                0x080138a6       0x5c C:/ST/STM32CubeIDE_1.14.1/STM32CubeIDE/plugins/com.st.stm32cube.ide.mcu.externaltools.gnu-tools-for-stm32.13.3.rel1.win32_1.0.0.202411081344/tools/bin/../lib/gcc/arm-none-eabi/13.3.1/../../../../arm-none-eabi/lib/thumb/v7e-m+fp/hard\libc_nano.a(libc_a-reallocr.o)
                0x080138a6                _realloc_r
 .text.__sfputc_r
                0x08013902       0x2e C:/ST/STM32CubeIDE_1.14.1/STM32CubeIDE/plugins/com.st.stm32cube.ide.mcu.externaltools.gnu-tools-for-stm32.13.3.rel1.win32_1.0.0.202411081344/tools/bin/../lib/gcc/arm-none-eabi/13.3.1/../../../../arm-none-eabi/lib/thumb/v7e-m+fp/hard\libc_nano.a(libc_a-nano-vfprintf.o)
 .text.__sfputs_r