../Core/Src/ILI9488.c:14:13:ILI9488_Select	8	static
../Core/Src/ILI9488.c:18:6:ILI9488_Unselect	8	static
../Core/Src/ILI9488.c:22:13:ILI9488_Reset	8	static
../Core/Src/ILI9488.c:29:13:ILI9488_WriteCommand	16	static
../Core/Src/ILI9488.c:34:13:ILI9488_WriteData	16	static
../Core/Src/ILI9488.c:40:13:ILI9488_WriteDataDMA	16	static
../Core/Src/ILI9488.c:51:13:ILI9488_WriteSmallData	16	static
../Core/Src/ILI9488.c:57:13:ILI9488_SetAddressWindow	32	static
../Core/Src/ILI9488.c:74:6:ILI9488_Init	96	static
../Core/Src/ILI9488.c:115:6:ILI9488_DrawPixel	24	static
../Core/Src/ILI9488.c:137:13:ILI9488_WriteChar	48	static
../Core/Src/ILI9488.c:165:6:ILI9488_FillRectangle	40	static
../Core/Src/ILI9488.c:194:6:ILI9488_WriteString	32	static
../Core/Src/ILI9488.c:213:6:ILI9488_FillScreen	24	static
../Core/Src/ILI9488.c:218:6:ILI9488_DrawImage_RGB666	40	static
../Core/Src/ILI9488.c:240:6:ILI9488_InvertColors	16	static
../Core/Src/ILI9488.c:257:9:ILI9488_DrawImage_BIN	624	dynamic
../Core/Src/ILI9488.c:312:9:ILI9488_DrawImage_Transparent	640	dynamic
