../Core/Src/ILI9488.c:12:13:ILI9488_Select	8	static
../Core/Src/ILI9488.c:16:6:ILI9488_Unselect	8	static
../Core/Src/ILI9488.c:20:13:ILI9488_Reset	8	static
../Core/Src/ILI9488.c:27:13:ILI9488_WriteCommand	16	static
../Core/Src/ILI9488.c:32:13:ILI9488_WriteData	16	static
../Core/Src/ILI9488.c:38:13:ILI9488_WriteSmallData	16	static
../Core/Src/ILI9488.c:44:13:ILI9488_SetAddressWindow	32	static
../Core/Src/ILI9488.c:61:6:ILI9488_Init	96	static
../Core/Src/ILI9488.c:102:6:ILI9488_DrawPixel	24	static
../Core/Src/ILI9488.c:125:13:ILI9488_WriteChar	48	static
../Core/Src/ILI9488.c:153:6:ILI9488_FillRectangle	40	static
../Core/Src/ILI9488.c:182:6:ILI9488_WriteString	32	static
../Core/Src/ILI9488.c:201:6:ILI9488_FillScreen	24	static
../Core/Src/ILI9488.c:206:6:ILI9488_DrawImage_RGB666	40	static
../Core/Src/ILI9488.c:228:6:ILI9488_InvertColors	16	static
../Core/Src/ILI9488.c:245:9:ILI9488_DrawImage_BIN	624	dynamic
