../Core/Src/ILI9488.c:6:13:ILI9488_Select	8	static
../Core/Src/ILI9488.c:10:6:ILI9488_Unselect	8	static
../Core/Src/ILI9488.c:14:13:ILI9488_Reset	8	static
../Core/Src/ILI9488.c:21:13:ILI9488_WriteCommand	16	static
../Core/Src/ILI9488.c:26:13:ILI9488_WriteData	16	static
../Core/Src/ILI9488.c:32:13:ILI9488_WriteSmallData	16	static
../Core/Src/ILI9488.c:38:13:ILI9488_SetAddressWindow	32	static
../Core/Src/ILI9488.c:55:6:ILI9488_Init	96	static
../Core/Src/ILI9488.c:96:6:ILI9488_DrawPixel	24	static
../Core/Src/ILI9488.c:119:13:ILI9488_WriteChar	48	static
../Core/Src/ILI9488.c:147:6:ILI9488_FillRectangle	40	static
../Core/Src/ILI9488.c:176:6:ILI9488_WriteString	32	static
../Core/Src/ILI9488.c:195:6:ILI9488_FillScreen	24	static
../Core/Src/ILI9488.c:199:6:ILI9488_DrawImage	32	static
../Core/Src/ILI9488.c:205:6:ILI9488_InvertColors	16	static
