../Core/Src/ILI9488.c:10:13:ILI9488_Select	8	static
../Core/Src/ILI9488.c:14:6:ILI9488_Unselect	8	static
../Core/Src/ILI9488.c:18:13:ILI9488_Reset	8	static
../Core/Src/ILI9488.c:25:13:ILI9488_WriteCommand	16	static
../Core/Src/ILI9488.c:30:13:ILI9488_WriteData	16	static
../Core/Src/ILI9488.c:36:13:ILI9488_WriteSmallData	16	static
../Core/Src/ILI9488.c:42:13:ILI9488_SetAddressWindow	32	static
../Core/Src/ILI9488.c:59:6:ILI9488_Init	96	static
../Core/Src/ILI9488.c:100:6:ILI9488_DrawPixel	24	static
../Core/Src/ILI9488.c:123:13:ILI9488_WriteChar	48	static
../Core/Src/ILI9488.c:151:6:ILI9488_FillRectangle	40	static
../Core/Src/ILI9488.c:180:6:ILI9488_WriteString	32	static
../Core/Src/ILI9488.c:199:6:ILI9488_FillScreen	24	static
../Core/Src/ILI9488.c:203:6:ILI9488_DrawImage_RGB565	64	dynamic
../Core/Src/ILI9488.c:240:6:ILI9488_DrawImage_RGB666	40	static
../Core/Src/ILI9488.c:262:6:ILI9488_InvertColors	16	static
../Core/Src/ILI9488.c:279:9:ILI9488_DrawImage_BIN	608	static
