../Core/Src/main.c:117:5:main	176	static
../Core/Src/main.c:263:6:SystemClock_Config	88	static
../Core/Src/main.c:309:13:MX_I2C2_Init	8	static
../Core/Src/main.c:343:13:MX_SDIO_SD_Init	4	static
../Core/Src/main.c:371:13:MX_SPI1_Init	8	static
../Core/Src/main.c:409:13:MX_UART4_Init	8	static
../Core/Src/main.c:440:13:MX_DMA_Init	16	static
../Core/Src/main.c:463:13:MX_GPIO_Init	48	static
../Core/Src/main.c:521:6:StartInputHalTask	24	static
../Core/Src/main.c:540:6:StartGameTask	40	static
../Core/Src/main.c:771:6:StartDisplayTask	96	static
../Core/Src/main.c:1034:6:HAL_TIM_PeriodElapsedCallback	16	static
../Core/Src/main.c:1048:6:HAL_SPI_TxCpltCallback	24	static,ignoring_inline_asm
../Core/Src/main.c:1061:6:Error_Handler	4	static,ignoring_inline_asm
