../Core/Src/main.c:103:5:main	128	static
../Core/Src/main.c:221:6:SystemClock_Config	88	static
../Core/Src/main.c:268:13:MX_I2C1_Init	8	static
../Core/Src/main.c:302:13:MX_SPI1_Init	8	static
../Core/Src/main.c:340:13:MX_UART4_Init	8	static
../Core/Src/main.c:373:13:MX_GPIO_Init	48	static
../Core/Src/main.c:441:6:StartInputHalTask	24	static
../Core/Src/main.c:458:6:StartGameTask	24	static
../Core/Src/main.c:685:6:StartDisplayTask	88	static
../Core/Src/main.c:850:6:Error_Handler	4	static,ignoring_inline_asm
