../Core/Src/st7789.c:19:13:ST7789_Select	8	static
../Core/Src/st7789.c:23:13:ST7789_Unselect	8	static
../Core/Src/st7789.c:27:13:ST7789_Reset	8	static
../Core/Src/st7789.c:34:13:ST7789_WriteCommand	16	static
../Core/Src/st7789.c:41:13:ST7789_WriteData	16	static
../Core/Src/st7789.c:49:13:ST7789_SetAddressWindow	32	static
../Core/Src/st7789.c:73:6:ST7789_Init	16	static
../Core/Src/st7789.c:96:6:ST7789_DrawPixel	24	static
../Core/Src/st7789.c:104:6:ST7789_FillRectangle	32	static
../Core/Src/st7789.c:123:6:ST7789_FillScreen	24	static
../Core/Src/st7789.c:135:6:ST7789_DrawChar	48	static
../Core/Src/st7789.c:168:6:ST7789_DrawText	48	static
../Core/Src/st7789.c:184:13:swap_uint16	24	static
../Core/Src/st7789.c:193:6:ST7789_DrawHorizontalLine	32	static
../Core/Src/st7789.c:201:6:ST7789_DrawVerticalLine	32	static
../Core/Src/st7789.c:209:6:ST7789_DrawLine	40	static
../Core/Src/st7789.c:248:6:ST7789_DrawRectangle	24	static
../Core/Src/st7789.c:258:6:ST7789_DrawTriangle	32	static
../Core/Src/st7789.c:267:6:ST7789_FillTriangle	56	static
../Core/Src/st7789.c:319:6:ST7789_DrawCircle	32	static
../Core/Src/st7789.c:335:6:ST7789_FillCircle	32	static
../Core/Src/st7789.c:347:13:drawCircleHelper	40	static
../Core/Src/st7789.c:383:13:fillCircleHelper	40	static
../Core/Src/st7789.c:415:6:ST7789_DrawRoundRect	32	static
../Core/Src/st7789.c:431:6:ST7789_FillRoundRect	32	static
