../Core/Src/stm32f4xx_it.c:74:6:NMI_Handler	4	static
../Core/Src/stm32f4xx_it.c:89:6:HardFault_Handler	4	static
../Core/Src/stm32f4xx_it.c:104:6:MemManage_Handler	4	static
../Core/Src/stm32f4xx_it.c:119:6:BusFault_Handler	4	static
../Core/Src/stm32f4xx_it.c:134:6:UsageFault_Handler	4	static
../Core/Src/stm32f4xx_it.c:149:6:DebugMon_Handler	4	static
../Core/Src/stm32f4xx_it.c:169:6:PVD_IRQHandler	8	static
../Core/Src/stm32f4xx_it.c:183:6:FLASH_IRQHandler	8	static
../Core/Src/stm32f4xx_it.c:197:6:RCC_IRQHandler	4	static
../Core/Src/stm32f4xx_it.c:210:6:I2C2_EV_IRQHandler	8	static
../Core/Src/stm32f4xx_it.c:224:6:I2C2_ER_IRQHandler	8	static
../Core/Src/stm32f4xx_it.c:238:6:SPI1_IRQHandler	8	static
../Core/Src/stm32f4xx_it.c:252:6:SDIO_IRQHandler	8	static
../Core/Src/stm32f4xx_it.c:266:6:UART4_IRQHandler	8	static
../Core/Src/stm32f4xx_it.c:280:6:TIM6_DAC_IRQHandler	8	static
../Core/Src/stm32f4xx_it.c:294:6:FPU_IRQHandler	4	static
